../FreeRTOS/queue.c:2383:19:prvIsQueueEmpty	8	static
../FreeRTOS/queue.c:2159:19:prvCopyDataToQueue	16	static
../FreeRTOS/queue.c:2242:13:prvCopyDataFromQueue	4	static
../FreeRTOS/queue.c:2263:13:prvUnlockQueue	16	static
../FreeRTOS/queue.c:266:12:xQueueGenericReset	16	static,ignoring_inline_asm
../FreeRTOS/queue.c:397:19:xQueueGenericCreate	16	static
../FreeRTOS/queue.c:804:12:xQueueGenericSend	48	static,ignoring_inline_asm
../FreeRTOS/queue.c:1016:12:xQueueGenericSendFromISR	24	static,ignoring_inline_asm
../FreeRTOS/queue.c:1183:12:xQueueGiveFromISR	16	static,ignoring_inline_asm
../FreeRTOS/queue.c:1351:12:xQueueReceive	40	static,ignoring_inline_asm
../FreeRTOS/queue.c:1494:12:xQueueSemaphoreTake	40	static,ignoring_inline_asm
../FreeRTOS/queue.c:1713:12:xQueuePeek	40	static,ignoring_inline_asm
../FreeRTOS/queue.c:1864:12:xQueueReceiveFromISR	24	static,ignoring_inline_asm
../FreeRTOS/queue.c:1959:12:xQueuePeekFromISR	16	static,ignoring_inline_asm
../FreeRTOS/queue.c:2014:13:uxQueueMessagesWaiting	8	static
../FreeRTOS/queue.c:2030:13:uxQueueSpacesAvailable	8	static
../FreeRTOS/queue.c:2047:13:uxQueueMessagesWaitingFromISR	0	static
../FreeRTOS/queue.c:2059:6:vQueueDelete	0	static
../FreeRTOS/queue.c:2404:12:xQueueIsQueueEmptyFromISR	0	static
../FreeRTOS/queue.c:2445:12:xQueueIsQueueFullFromISR	0	static
