../FreeRTOS/stream_buffer.c:1230:15:prvBytesInBuffer	0	static
../FreeRTOS/stream_buffer.c:1140:15:prvWriteBytesToBuffer	24	static
../FreeRTOS/stream_buffer.c:723:15:prvWriteMessageToBuffer	24	static
../FreeRTOS/stream_buffer.c:1186:15:prvReadBytesFromBuffer	24	static
../FreeRTOS/stream_buffer.c:967:15:prvReadMessageFromBuffer	32	static
../FreeRTOS/stream_buffer.c:235:26:xStreamBufferGenericCreate	24	static
../FreeRTOS/stream_buffer.c:385:6:vStreamBufferDelete	0	static
../FreeRTOS/stream_buffer.c:418:12:xStreamBufferReset	24	static
../FreeRTOS/stream_buffer.c:467:12:xStreamBufferSetTriggerLevel	0	static
../FreeRTOS/stream_buffer.c:497:8:xStreamBufferSpacesAvailable	12	static
../FreeRTOS/stream_buffer.c:529:8:xStreamBufferBytesAvailable	0	static
../FreeRTOS/stream_buffer.c:541:8:xStreamBufferSend	56	static
../FreeRTOS/stream_buffer.c:672:8:xStreamBufferSendFromISR	32	static,ignoring_inline_asm
../FreeRTOS/stream_buffer.c:766:8:xStreamBufferReceive	40	static
../FreeRTOS/stream_buffer.c:870:8:xStreamBufferNextMessageLengthBytes	16	static
../FreeRTOS/stream_buffer.c:910:8:xStreamBufferReceiveFromISR	32	static,ignoring_inline_asm
../FreeRTOS/stream_buffer.c:1019:12:xStreamBufferIsEmpty	0	static
../FreeRTOS/stream_buffer.c:1043:12:xStreamBufferIsFull	8	static
../FreeRTOS/stream_buffer.c:1078:12:xStreamBufferSendCompletedFromISR	24	static,ignoring_inline_asm
../FreeRTOS/stream_buffer.c:1109:12:xStreamBufferReceiveCompletedFromISR	24	static,ignoring_inline_asm
