../FreeRTOS/tasks.c:5274:13:prvAddCurrentTaskToDelayedList	24	static
../FreeRTOS/tasks.c:3997:13:prvResetNextTaskUnblockTime	0	static
../FreeRTOS/tasks.c:3432:8:prvIdleTask	8	static,ignoring_inline_asm
../FreeRTOS/tasks.c:727:16:xTaskCreate	40	static,ignoring_inline_asm
../FreeRTOS/tasks.c:1155:10:vTaskDelete	16	static,ignoring_inline_asm
../FreeRTOS/tasks.c:1479:17:uxTaskPriorityGet	8	static
../FreeRTOS/tasks.c:1501:17:uxTaskPriorityGetFromISR	0	static,ignoring_inline_asm
../FreeRTOS/tasks.c:1541:10:vTaskPrioritySet	24	static,ignoring_inline_asm
../FreeRTOS/tasks.c:1859:10:vTaskResume	24	static,ignoring_inline_asm
../FreeRTOS/tasks.c:1913:16:xTaskResumeFromISR	24	static,ignoring_inline_asm
../FreeRTOS/tasks.c:1988:6:vTaskStartScheduler	16	static,ignoring_inline_asm
../FreeRTOS/tasks.c:2116:6:vTaskEndScheduler	0	static,ignoring_inline_asm
../FreeRTOS/tasks.c:2127:6:vTaskSuspendAll	0	static,ignoring_inline_asm
../FreeRTOS/tasks.c:2323:12:xTaskGetTickCount	0	static
../FreeRTOS/tasks.c:2338:12:xTaskGetTickCountFromISR	0	static
../FreeRTOS/tasks.c:2369:13:uxTaskGetNumberOfTasks	0	static
../FreeRTOS/tasks.c:2377:8:pcTaskGetName	0	static
../FreeRTOS/tasks.c:2727:12:xTaskIncrementTick	40	static
../FreeRTOS/tasks.c:2211:12:xTaskResumeAll	40	static,ignoring_inline_asm
../FreeRTOS/tasks.c:1250:16:xTaskDelayUntil	16	static,ignoring_inline_asm
../FreeRTOS/tasks.c:1337:10:vTaskDelay	8	static,ignoring_inline_asm
../FreeRTOS/tasks.c:2629:12:xTaskCatchUpTicks	8	static
../FreeRTOS/tasks.c:3012:6:vTaskSwitchContext	12	static,ignoring_inline_asm
../FreeRTOS/tasks.c:1707:10:vTaskSuspend	16	static,ignoring_inline_asm
../FreeRTOS/tasks.c:3088:6:vTaskPlaceOnEventList	8	static
../FreeRTOS/tasks.c:3113:6:vTaskPlaceOnUnorderedEventList	8	static
../FreeRTOS/tasks.c:3174:12:xTaskRemoveFromEventList	20	static
../FreeRTOS/tasks.c:3242:6:vTaskRemoveFromUnorderedEventList	20	static
../FreeRTOS/tasks.c:3291:6:vTaskSetTimeOutState	8	static
../FreeRTOS/tasks.c:3303:6:vTaskInternalSetTimeOutState	0	static
../FreeRTOS/tasks.c:3311:12:xTaskCheckForTimeOut	16	static
../FreeRTOS/tasks.c:3376:6:vTaskMissedYield	0	static
../FreeRTOS/tasks.c:4662:12:uxTaskResetEventItemValue	0	static
../FreeRTOS/tasks.c:4695:14:ulTaskGenericNotifyTake	24	static,ignoring_inline_asm
../FreeRTOS/tasks.c:4767:16:xTaskGenericNotifyWait	32	static,ignoring_inline_asm
../FreeRTOS/tasks.c:4853:16:xTaskGenericNotify	24	static,ignoring_inline_asm
../FreeRTOS/tasks.c:4976:16:xTaskGenericNotifyFromISR	20	static,ignoring_inline_asm
../FreeRTOS/tasks.c:5115:10:vTaskGenericNotifyGiveFromISR	20	static,ignoring_inline_asm
../FreeRTOS/tasks.c:5204:16:xTaskGenericNotifyStateClear	16	static
../FreeRTOS/tasks.c:5238:14:ulTaskGenericNotifyValueClear	16	static
