Archive member included to satisfy reference by file (symbol)

C:/ST/STM32CubeIDE_1.14.1/STM32CubeIDE/plugins/com.st.stm32cube.ide.mcu.externaltools.gnu-tools-for-stm32.11.3.rel1.win32_1.1.100.202309141235/tools/bin/../lib/gcc/arm-none-eabi/11.3.1/../../../../arm-none-eabi/lib/thumb/v7-m/nofp\libc_nano.a(libc_a-exit.o)
                              C:/ST/STM32CubeIDE_1.14.1/STM32CubeIDE/plugins/com.st.stm32cube.ide.mcu.externaltools.gnu-tools-for-stm32.11.3.rel1.win32_1.1.100.202309141235/tools/bin/../lib/gcc/arm-none-eabi/11.3.1/../../../../arm-none-eabi/lib/thumb/v7-m/nofp/crt0.o (exit)
C:/ST/STM32CubeIDE_1.14.1/STM32CubeIDE/plugins/com.st.stm32cube.ide.mcu.externaltools.gnu-tools-for-stm32.11.3.rel1.win32_1.1.100.202309141235/tools/bin/../lib/gcc/arm-none-eabi/11.3.1/../../../../arm-none-eabi/lib/thumb/v7-m/nofp\libc_nano.a(libc_a-findfp.o)
                              C:/ST/STM32CubeIDE_1.14.1/STM32CubeIDE/plugins/com.st.stm32cube.ide.mcu.externaltools.gnu-tools-for-stm32.11.3.rel1.win32_1.1.100.202309141235/tools/bin/../lib/gcc/arm-none-eabi/11.3.1/../../../../arm-none-eabi/lib/thumb/v7-m/nofp\libc_nano.a(libc_a-exit.o) (__stdio_exit_handler)
C:/ST/STM32CubeIDE_1.14.1/STM32CubeIDE/plugins/com.st.stm32cube.ide.mcu.externaltools.gnu-tools-for-stm32.11.3.rel1.win32_1.1.100.202309141235/tools/bin/../lib/gcc/arm-none-eabi/11.3.1/../../../../arm-none-eabi/lib/thumb/v7-m/nofp\libc_nano.a(libc_a-fwalk.o)
                              C:/ST/STM32CubeIDE_1.14.1/STM32CubeIDE/plugins/com.st.stm32cube.ide.mcu.externaltools.gnu-tools-for-stm32.11.3.rel1.win32_1.1.100.202309141235/tools/bin/../lib/gcc/arm-none-eabi/11.3.1/../../../../arm-none-eabi/lib/thumb/v7-m/nofp\libc_nano.a(libc_a-findfp.o) (_fwalk_sglue)
C:/ST/STM32CubeIDE_1.14.1/STM32CubeIDE/plugins/com.st.stm32cube.ide.mcu.externaltools.gnu-tools-for-stm32.11.3.rel1.win32_1.1.100.202309141235/tools/bin/../lib/gcc/arm-none-eabi/11.3.1/../../../../arm-none-eabi/lib/thumb/v7-m/nofp\libc_nano.a(libc_a-stdio.o)
                              C:/ST/STM32CubeIDE_1.14.1/STM32CubeIDE/plugins/com.st.stm32cube.ide.mcu.externaltools.gnu-tools-for-stm32.11.3.rel1.win32_1.1.100.202309141235/tools/bin/../lib/gcc/arm-none-eabi/11.3.1/../../../../arm-none-eabi/lib/thumb/v7-m/nofp\libc_nano.a(libc_a-findfp.o) (__sread)
C:/ST/STM32CubeIDE_1.14.1/STM32CubeIDE/plugins/com.st.stm32cube.ide.mcu.externaltools.gnu-tools-for-stm32.11.3.rel1.win32_1.1.100.202309141235/tools/bin/../lib/gcc/arm-none-eabi/11.3.1/../../../../arm-none-eabi/lib/thumb/v7-m/nofp\libc_nano.a(libc_a-memset.o)
                              C:/ST/STM32CubeIDE_1.14.1/STM32CubeIDE/plugins/com.st.stm32cube.ide.mcu.externaltools.gnu-tools-for-stm32.11.3.rel1.win32_1.1.100.202309141235/tools/bin/../lib/gcc/arm-none-eabi/11.3.1/../../../../arm-none-eabi/lib/thumb/v7-m/nofp/crt0.o (memset)
C:/ST/STM32CubeIDE_1.14.1/STM32CubeIDE/plugins/com.st.stm32cube.ide.mcu.externaltools.gnu-tools-for-stm32.11.3.rel1.win32_1.1.100.202309141235/tools/bin/../lib/gcc/arm-none-eabi/11.3.1/../../../../arm-none-eabi/lib/thumb/v7-m/nofp\libc_nano.a(libc_a-closer.o)
                              C:/ST/STM32CubeIDE_1.14.1/STM32CubeIDE/plugins/com.st.stm32cube.ide.mcu.externaltools.gnu-tools-for-stm32.11.3.rel1.win32_1.1.100.202309141235/tools/bin/../lib/gcc/arm-none-eabi/11.3.1/../../../../arm-none-eabi/lib/thumb/v7-m/nofp\libc_nano.a(libc_a-stdio.o) (_close_r)
C:/ST/STM32CubeIDE_1.14.1/STM32CubeIDE/plugins/com.st.stm32cube.ide.mcu.externaltools.gnu-tools-for-stm32.11.3.rel1.win32_1.1.100.202309141235/tools/bin/../lib/gcc/arm-none-eabi/11.3.1/../../../../arm-none-eabi/lib/thumb/v7-m/nofp\libc_nano.a(libc_a-reent.o)
                              C:/ST/STM32CubeIDE_1.14.1/STM32CubeIDE/plugins/com.st.stm32cube.ide.mcu.externaltools.gnu-tools-for-stm32.11.3.rel1.win32_1.1.100.202309141235/tools/bin/../lib/gcc/arm-none-eabi/11.3.1/../../../../arm-none-eabi/lib/thumb/v7-m/nofp\libc_nano.a(libc_a-closer.o) (errno)
C:/ST/STM32CubeIDE_1.14.1/STM32CubeIDE/plugins/com.st.stm32cube.ide.mcu.externaltools.gnu-tools-for-stm32.11.3.rel1.win32_1.1.100.202309141235/tools/bin/../lib/gcc/arm-none-eabi/11.3.1/../../../../arm-none-eabi/lib/thumb/v7-m/nofp\libc_nano.a(libc_a-impure.o)
                              C:/ST/STM32CubeIDE_1.14.1/STM32CubeIDE/plugins/com.st.stm32cube.ide.mcu.externaltools.gnu-tools-for-stm32.11.3.rel1.win32_1.1.100.202309141235/tools/bin/../lib/gcc/arm-none-eabi/11.3.1/../../../../arm-none-eabi/lib/thumb/v7-m/nofp\libc_nano.a(libc_a-reent.o) (_impure_ptr)
C:/ST/STM32CubeIDE_1.14.1/STM32CubeIDE/plugins/com.st.stm32cube.ide.mcu.externaltools.gnu-tools-for-stm32.11.3.rel1.win32_1.1.100.202309141235/tools/bin/../lib/gcc/arm-none-eabi/11.3.1/../../../../arm-none-eabi/lib/thumb/v7-m/nofp\libc_nano.a(libc_a-lseekr.o)
[...]
Memory Configuration

Name             Origin             Length             Attributes
RAM              0x0000000020000000 0x0000000000005000 xrw
FLASH            0x0000000008000000 0x0000000000010000 xr
*default*        0x0000000000000000 0xffffffffffffffff

Linker script and memory map

LOAD C:/ST/STM32CubeIDE_1.14.1/STM32CubeIDE/plugins/com.st.stm32cube.ide.mcu.externaltools.gnu-tools-for-stm32.11.3.rel1.win32_1.1.100.202309141235/tools/bin/../lib/gcc/arm-none-eabi/11.3.1/thumb/v7-m/nofp/crti.o
LOAD C:/ST/STM32CubeIDE_1.14.1/STM32CubeIDE/plugins/com.st.stm32cube.ide.mcu.externaltools.gnu-tools-for-stm32.11.3.rel1.win32_1.1.100.202309141235/tools/bin/../lib/gcc/arm-none-eabi/11.3.1/thumb/v7-m/nofp/crtbegin.o
LOAD C:/ST/STM32CubeIDE_1.14.1/STM32CubeIDE/plugins/com.st.stm32cube.ide.mcu.externaltools.gnu-tools-for-stm32.11.3.rel1.win32_1.1.100.202309141235/tools/bin/../lib/gcc/arm-none-eabi/11.3.1/../../../../arm-none-eabi/lib/thumb/v7-m/nofp/crt0.o
LOAD ./FreeRTOS/croutine.o
LOAD ./FreeRTOS/event_groups.o
LOAD ./FreeRTOS/list.o
LOAD ./FreeRTOS/queue.o
LOAD ./FreeRTOS/stream_buffer.o
LOAD ./FreeRTOS/tasks.o
LOAD ./FreeRTOS/timers.o
LOAD ./FreeRTOS/portable/GCC/ARM_CM3/port.o
LOAD ./FreeRTOS/portable/MemMang/heap_4.o
LOAD ./STM32f103_Drivers/EXTI_DRIVER.o
LOAD ./STM32f103_Drivers/STM32F103C6_USART_DRIVERS.o
LOAD ./STM32f103_Drivers/STM32_F103C6_GPIO_DRIVERS.o
LOAD ./STM32f103_Drivers/STM32_F103C6_RCC_DRIVERS.o
LOAD ./STM32f103_Drivers/Timer.o
LOAD ./Src/main.o
LOAD ./Src/syscalls.o
LOAD ./Src/sysmem.o
LOAD ./Startup/startup_stm32f103c8tx.o
START GROUP
LOAD C:/ST/STM32CubeIDE_1.14.1/STM32CubeIDE/plugins/com.st.stm32cube.ide.mcu.externaltools.gnu-tools-for-stm32.11.3.rel1.win32_1.1.100.202309141235/tools/bin/../lib/gcc/arm-none-eabi/11.3.1/../../../../arm-none-eabi/lib/thumb/v7-m/nofp\libc_nano.a
LOAD C:/ST/STM32CubeIDE_1.14.1/STM32CubeIDE/plugins/com.st.stm32cube.ide.mcu.externaltools.gnu-tools-for-stm32.11.3.rel1.win32_1.1.100.202309141235/tools/bin/../lib/gcc/arm-none-eabi/11.3.1/../../../../arm-none-eabi/lib/thumb/v7-m/nofp\libm.a
END GROUP
START GROUP
LOAD C:/ST/STM32CubeIDE_1.14.1/STM32CubeIDE/plugins/com.st.stm32cube.ide.mcu.externaltools.gnu-tools-for-stm32.11.3.rel1.win32_1.1.100.202309141235/tools/bin/../lib/gcc/arm-none-eabi/11.3.1/thumb/v7-m/nofp\libgcc.a
LOAD C:/ST/STM32CubeIDE_1.14.1/STM32CubeIDE/plugins/com.st.stm32cube.ide.mcu.externaltools.gnu-tools-for-stm32.11.3.rel1.win32_1.1.100.202309141235/tools/bin/../lib/gcc/arm-none-eabi/11.3.1/../../../../arm-none-eabi/lib/thumb/v7-m/nofp\libc_nano.a
END GROUP
START GROUP
LOAD C:/ST/STM32CubeIDE_1.14.1/STM32CubeIDE/plugins/com.st.stm32cube.ide.mcu.externaltools.gnu-tools-for-stm32.11.3.rel1.win32_1.1.100.202309141235/tools/bin/../lib/gcc/arm-none-eabi/11.3.1/thumb/v7-m/nofp\libgcc.a
LOAD C:/ST/STM32CubeIDE_1.14.1/STM32CubeIDE/plugins/com.st.stm32cube.ide.mcu.externaltools.gnu-tools-for-stm32.11.3.rel1.win32_1.1.100.202309141235/tools/bin/../lib/gcc/arm-none-eabi/11.3.1/../../../../arm-none-eabi/lib/thumb/v7-m/nofp\libc_nano.a
LOAD C:/ST/STM32CubeIDE_1.14.1/STM32CubeIDE/plugins/com.st.stm32cube.ide.mcu.externaltools.gnu-tools-for-stm32.11.3.rel1.win32_1.1.100.202309141235/tools/bin/../lib/gcc/arm-none-eabi/11.3.1/../../../../arm-none-eabi/lib/thumb/v7-m/nofp\libnosys.a
END GROUP
START GROUP
LOAD C:/ST/STM32CubeIDE_1.14.1/STM32CubeIDE/plugins/com.st.stm32cube.ide.mcu.externaltools.gnu-tools-for-stm32.11.3.rel1.win32_1.1.100.202309141235/tools/bin/../lib/gcc/arm-none-eabi/11.3.1/thumb/v7-m/nofp\libgcc.a
LOAD C:/ST/STM32CubeIDE_1.14.1/STM32CubeIDE/plugins/com.st.stm32cube.ide.mcu.externaltools.gnu-tools-for-stm32.11.3.rel1.win32_1.1.100.202309141235/tools/bin/../lib/gcc/arm-none-eabi/11.3.1/../../../../arm-none-eabi/lib/thumb/v7-m/nofp\libc_nano.a
LOAD C:/ST/STM32CubeIDE_1.14.1/STM32CubeIDE/plugins/com.st.stm32cube.ide.mcu.externaltools.gnu-tools-for-stm32.11.3.rel1.win32_1.1.100.202309141235/tools/bin/../lib/gcc/arm-none-eabi/11.3.1/../../../../arm-none-eabi/lib/thumb/v7-m/nofp\libnosys.a
END GROUP
LOAD C:/ST/STM32CubeIDE_1.14.1/STM32CubeIDE/plugins/com.st.stm32cube.ide.mcu.externaltools.gnu-tools-for-stm32.11.3.rel1.win32_1.1.100.202309141235/tools/bin/../lib/gcc/arm-none-eabi/11.3.1/thumb/v7-m/nofp/crtend.o
LOAD C:/ST/STM32CubeIDE_1.14.1/STM32CubeIDE/plugins/com.st.stm32cube.ide.mcu.externaltools.gnu-tools-for-stm32.11.3.rel1.win32_1.1.100.202309141235/tools/bin/../lib/gcc/arm-none-eabi/11.3.1/thumb/v7-m/nofp/crtn.o
                0x0000000020005000                _estack = (ORIGIN (RAM) + LENGTH (RAM))
                0x0000000000000200                _Min_Heap_Size = 0x200
                0x0000000000000400                _Min_Stack_Size = 0x400

.isr_vector     0x0000000008000000      0x130
                0x0000000008000000                . = ALIGN (0x4)
 *(.isr_vector)
 .isr_vector    0x0000000008000000      0x130 ./Startup/startup_stm32f103c8tx.o
                0x0000000008000000                g_pfnVectors
                0x0000000008000130                . = ALIGN (0x4)

.text           0x0000000008000130     0x1eb4
                0x0000000008000130                . = ALIGN (0x4)
 *(.text)
 .text          0x0000000008000130       0x40 C:/ST/STM32CubeIDE_1.14.1/STM32CubeIDE/plugins/com.st.stm32cube.ide.mcu.externaltools.gnu-tools-for-stm32.11.3.rel1.win32_1.1.100.202309141235/tools/bin/../lib/gcc/arm-none-eabi/11.3.1/thumb/v7-m/nofp/crtbegin.o
 *(.text*)
 .text.vListInitialise
                0x0000000008000170       0x3e ./FreeRTOS/list.o
                0x0000000008000170                vListInitialise
 .text.vListInitialiseItem
                0x00000000080001ae       0x18 ./FreeRTOS/list.o
                0x00000000080001ae                vListInitialiseItem
 .text.vListInsert
                0x00000000080001c6       0x70 ./FreeRTOS/list.o
                0x00000000080001c6                vListInsert
 .text.uxListRemove
                0x0000000008000236       0x52 ./FreeRTOS/list.o
                0x0000000008000236                uxListRemove
 .text.xQueueGenericReset
                0x0000000008000288       0xe8 ./FreeRTOS/queue.o
                0x0000000008000288                xQueueGenericReset
 .text.xQueueGenericCreate
                0x0000000008000370       0x7e ./FreeRTOS/queue.o
                0x0000000008000370                xQueueGenericCreate
 .text.prvInitialiseNewQueue
                0x00000000080003ee       0x3e ./FreeRTOS/queue.o
 .text.xQueueGenericSend
                0x000000000800042c      0x154 ./FreeRTOS/queue.o
                0x000000000800042c                xQueueGenericSend
 .text.prvCopyDataToQueue
                0x0000000008000580       0xb8 ./FreeRTOS/queue.o
 .text.prvUnlockQueue
                0x0000000008000638       0xa4 ./FreeRTOS/queue.o
 .text.prvIsQueueFull
                0x00000000080006dc       0x30 ./FreeRTOS/queue.o
 .text.xTaskCreate
                0x000000000800070c       0x82 ./FreeRTOS/tasks.o
                0x000000000800070c                xTaskCreate
 .text.prvInitialiseNewTask
                0x000000000800078e       0xf0 ./FreeRTOS/tasks.o
 *fill*         0x000000000800087e        0x2 
 .text.prvAddNewTaskToReadyList
                0x0000000008000880      0x124 ./FreeRTOS/tasks.o
 .text.vTaskDelay
                0x00000000080009a4       0x48 ./FreeRTOS/tasks.o
                0x00000000080009a4                vTaskDelay
 .text.vTaskStartScheduler
                0x00000000080009ec       0x78 ./FreeRTOS/tasks.o
                0x00000000080009ec                vTaskStartScheduler
 .text.vTaskSuspendAll
                0x0000000008000a64       0x1c ./FreeRTOS/tasks.o
                0x0000000008000a64                vTaskSuspendAll
 .text.xTaskResumeAll
                0x0000000008000a80      0x1d8 ./FreeRTOS/tasks.o
                0x0000000008000a80                xTaskResumeAll
 .text.xTaskIncrementTick
                0x0000000008000c58      0x20c ./FreeRTOS/tasks.o
                0x0000000008000c58                xTaskIncrementTick
 .text.vTaskSwitchContext
                0x0000000008000e64       0x8c ./FreeRTOS/tasks.o
                0x0000000008000e64                vTaskSwitchContext
 .text.vTaskPlaceOnEventList
                0x0000000008000ef0       0x2c ./FreeRTOS/tasks.o
                0x0000000008000ef0                vTaskPlaceOnEventList
 .text.xTaskRemoveFromEventList
                0x0000000008000f1c      0x190 ./FreeRTOS/tasks.o
                0x0000000008000f1c                xTaskRemoveFromEventList
 .text.vTaskInternalSetTimeOutState
                0x00000000080010ac       0x2c ./FreeRTOS/tasks.o
                0x00000000080010ac                vTaskInternalSetTimeOutState
 .text.xTaskCheckForTimeOut
                0x00000000080010d8       0x94 ./FreeRTOS/tasks.o
                0x00000000080010d8                xTaskCheckForTimeOut
 .text.vTaskMissedYield
                0x000000000800116c       0x18 ./FreeRTOS/tasks.o
                0x000000000800116c                vTaskMissedYield
 .text.prvIdleTask
                0x0000000008001184       0x30 ./FreeRTOS/tasks.o
 .text.prvInitialiseTaskLists
                0x00000000080011b4       0x80 ./FreeRTOS/tasks.o
 .text.prvCheckTasksWaitingTermination
                0x0000000008001234       0x5c ./FreeRTOS/tasks.o
 .text.prvDeleteTCB
                0x0000000008001290       0x20 ./FreeRTOS/tasks.o
 .text.prvResetNextTaskUnblockTime
                0x00000000080012b0       0x34 ./FreeRTOS/tasks.o
 .text.prvAddCurrentTaskToDelayedList
                0x00000000080012e4      0x100 ./FreeRTOS/tasks.o
 .text.pxPortInitialiseStack
                0x00000000080013e4       0x58 ./FreeRTOS/portable/GCC/ARM_CM3/port.o
                0x00000000080013e4                pxPortInitialiseStack
 .text.prvTaskExitError
                0x000000000800143c       0x32 ./FreeRTOS/portable/GCC/ARM_CM3/port.o
 *fill*         0x000000000800146e        0x2 
 .text.SVC_Handler
                0x0000000008001470       0x28 ./FreeRTOS/portable/GCC/ARM_CM3/port.o
                0x0000000008001470                SVC_Handler
 .text.prvPortStartFirstTask
                0x0000000008001498       0x24 ./FreeRTOS/portable/GCC/ARM_CM3/port.o
 .text.xPortStartScheduler
                0x00000000080014bc       0x40 ./FreeRTOS/portable/GCC/ARM_CM3/port.o
                0x00000000080014bc                xPortStartScheduler
 .text.vPortEnterCritical
                0x00000000080014fc       0x34 ./FreeRTOS/portable/GCC/ARM_CM3/port.o
                0x00000000080014fc                vPortEnterCritical
 .text.vPortExitCritical
                0x0000000008001530       0x34 ./FreeRTOS/portable/GCC/ARM_CM3/port.o
                0x0000000008001530                vPortExitCritical
 *fill*         0x0000000008001564        0xc 
 .text.PendSV_Handler
                0x0000000008001570       0x48 ./FreeRTOS/portable/GCC/ARM_CM3/port.o
                0x0000000008001570                PendSV_Handler
 .text.SysTick_Handler
                0x00000000080015b8       0x44 ./FreeRTOS/portable/GCC/ARM_CM3/port.o
                0x00000000080015b8                SysTick_Handler
 .text.vPortSetupTimerInterrupt
                0x00000000080015fc       0x34 ./FreeRTOS/portable/GCC/ARM_CM3/port.o
                0x00000000080015fc                vPortSetupTimerInterrupt
 .text.pvPortMalloc
                0x0000000008001630      0x15c ./FreeRTOS/portable/MemMang/heap_4.o
                0x0000000008001630                pvPortMalloc
 .text.vPortFree
                0x000000000800178c       0x80 ./FreeRTOS/portable/MemMang/heap_4.o
                0x000000000800178c                vPortFree
 .text.prvHeapInit
                0x000000000800180c       0xc4 ./FreeRTOS/portable/MemMang/heap_4.o
 .text.prvInsertBlockIntoFreeList
                0x00000000080018d0       0xb0 ./FreeRTOS/portable/MemMang/heap_4.o
 .text.EXTI0_IRQHandler
                0x0000000008001980       0x24 ./STM32f103_Drivers/EXTI_DRIVER.o
                0x0000000008001980                EXTI0_IRQHandler
 .text.EXTI1_IRQHandler
                0x00000000080019a4       0x24 ./STM32f103_Drivers/EXTI_DRIVER.o
                0x00000000080019a4                EXTI1_IRQHandler
 .text.EXTI2_IRQHandler
                0x00000000080019c8       0x24 ./STM32f103_Drivers/EXTI_DRIVER.o
                0x00000000080019c8                EXTI2_IRQHandler
 .text.EXTI3_IRQHandler
                0x00000000080019ec       0x24 ./STM32f103_Drivers/EXTI_DRIVER.o
                0x00000000080019ec                EXTI3_IRQHandler
 .text.EXTI4_IRQHandler
                0x0000000008001a10       0x24 ./STM32f103_Drivers/EXTI_DRIVER.o
                0x0000000008001a10                EXTI4_IRQHandler
 .text.EXTI9_5_IRQHandler
                0x0000000008001a34       0xa8 ./STM32f103_Drivers/EXTI_DRIVER.o
                0x0000000008001a34                EXTI9_5_IRQHandler
 .text.EXTI15_10_IRQHandler
                0x0000000008001adc       0x1c ./STM32f103_Drivers/EXTI_DRIVER.o
                0x0000000008001adc                EXTI15_10_IRQHandler
 .text.USART1_IRQHandler
                0x0000000008001af8       0x14 ./STM32f103_Drivers/STM32F103C6_USART_DRIVERS.o
                0x0000000008001af8                USART1_IRQHandler
 .text.USART2_IRQHandler
                0x0000000008001b0c       0x14 ./STM32f103_Drivers/STM32F103C6_USART_DRIVERS.o
                0x0000000008001b0c                USART2_IRQHandler
 .text.USART3_IRQHandler
                0x0000000008001b20       0x14 ./STM32f103_Drivers/STM32F103C6_USART_DRIVERS.o
                0x0000000008001b20                USART3_IRQHandler
 .text.Get_CRLH_Postion
                0x0000000008001b34      0x170 ./STM32f103_Drivers/STM32_F103C6_GPIO_DRIVERS.o
                0x0000000008001b34                Get_CRLH_Postion
 .text.MCAL_GPIO_Init
                0x0000000008001ca4       0xf6 ./STM32f103_Drivers/STM32_F103C6_GPIO_DRIVERS.o
                0x0000000008001ca4                MCAL_GPIO_Init
 .text.MCAL_GPIO_WritePin
                0x0000000008001d9a       0x3c ./STM32f103_Drivers/STM32_F103C6_GPIO_DRIVERS.o
                0x0000000008001d9a                MCAL_GPIO_WritePin
 *fill*         0x0000000008001dd6        0x2 
 .text.HW_Init  0x0000000008001dd8       0x2c ./Src/main.o
                0x0000000008001dd8                HW_Init
 .text.main     0x0000000008001e04       0x78 ./Src/main.o
                0x0000000008001e04                main
 .text.vTaskMasterHandler
                0x0000000008001e7c       0x48 ./Src/main.o
                0x0000000008001e7c                vTaskMasterHandler
 .text.vTaskSlaveHandler
                0x0000000008001ec4       0x40 ./Src/main.o
                0x0000000008001ec4                vTaskSlaveHandler
 .text.Reset_Handler
                0x0000000008001f04       0x50 ./Startup/startup_stm32f103c8tx.o
                0x0000000008001f04                Reset_Handler
 .text.Default_Handler
                0x0000000008001f54        0x2 ./Startup/startup_stm32f103c8tx.o
                0x0000000008001f54                TIM8_TRG_COM_IRQHandler
                0x0000000008001f54                TIM8_CC_IRQHandler
                0x0000000008001f54                DebugMon_Handler
                0x0000000008001f54                TIM1_CC_IRQHandler
                0x0000000008001f54                HardFault_Handler
                0x0000000008001f54                TIM6_IRQHandler
                0x0000000008001f54                PVD_IRQHandler
                0x0000000008001f54                SDIO_IRQHandler
                0x0000000008001f54                NMI_Handler
                0x0000000008001f54                USB_HP_CAN_TX_IRQHandler
                0x0000000008001f54                I2C2_EV_IRQHandler
                0x0000000008001f54                UsageFault_Handler
                0x0000000008001f54                ADC1_2_IRQHandler
                0x0000000008001f54                SPI1_IRQHandler
                0x0000000008001f54                CAN_SCE_IRQHandler
                0x0000000008001f54                TAMPER_IRQHandler
                0x0000000008001f54                TIM8_UP_IRQHandler
                0x0000000008001f54                DMA2_Channel2_IRQHandler
                0x0000000008001f54                DMA1_Channel4_IRQHandler
                0x0000000008001f54                RTC_IRQHandler
                0x0000000008001f54                DMA1_Channel7_IRQHandler
                0x0000000008001f54                UART5_IRQHandler
                0x0000000008001f54                ADC3_IRQHandler
                0x0000000008001f54                TIM4_IRQHandler
                0x0000000008001f54                CAN_RX1_IRQHandler
                0x0000000008001f54                DMA2_Channel1_IRQHandler
                0x0000000008001f54                I2C1_EV_IRQHandler
                0x0000000008001f54                DMA1_Channel6_IRQHandler
                0x0000000008001f54                UART4_IRQHandler
                0x0000000008001f54                TIM3_IRQHandler
                0x0000000008001f54                RCC_IRQHandler
                0x0000000008001f54                TIM1_TRG_COM_IRQHandler
                0x0000000008001f54                DMA1_Channel1_IRQHandler
                0x0000000008001f54                Default_Handler
                0x0000000008001f54                TIM7_IRQHandler
                0x0000000008001f54                TIM5_IRQHandler
                0x0000000008001f54                SPI2_IRQHandler
                0x0000000008001f54                USB_LP_CAN_RX0_IRQHandler
                0x0000000008001f54                MemManage_Handler
                0x0000000008001f54                DMA1_Channel5_IRQHandler
                0x0000000008001f54                DMA1_Channel3_IRQHandler
                0x0000000008001f54                FSMC_IRQHandler
                0x0000000008001f54                TIM1_UP_IRQHandler
                0x0000000008001f54                WWDG_IRQHandler
                0x0000000008001f54                TIM2_IRQHandler
                0x0000000008001f54                TIM1_BRK_IRQHandler
                0x0000000008001f54                RTCAlarm_IRQHandler
                0x0000000008001f54                DMA2_Channel4_5_IRQHandler
                0x0000000008001f54                I2C2_ER_IRQHandler
                0x0000000008001f54                DMA1_Channel2_IRQHandler
                0x0000000008001f54                TIM8_BRK_IRQHandler
                0x0000000008001f54                FLASH_IRQHandler
                0x0000000008001f54                BusFault_Handler
                0x0000000008001f54                SPI3_IRQHandler
                0x0000000008001f54                I2C1_ER_IRQHandler
                0x0000000008001f54                DMA2_Channel3_IRQHandler
 .text.memset   0x0000000008001f56       0x10 C:/ST/STM32CubeIDE_1.14.1/STM32CubeIDE/plugins/com.st.stm32cube.ide.mcu.externaltools.gnu-tools-for-stm32.11.3.rel1.win32_1.1.100.202309141235/tools/bin/../lib/gcc/arm-none-eabi/11.3.1/../../../../arm-none-eabi/lib/thumb/v7-m/nofp\libc_nano.a(libc_a-memset.o)
                0x0000000008001f56                memset
 *fill*         0x0000000008001f66        0x2 
 .text.__libc_init_array
                0x0000000008001f68       0x48 C:/ST/STM32CubeIDE_1.14.1/STM32CubeIDE/plugins/com.st.stm32cube.ide.mcu.externaltools.gnu-tools-for-stm32.11.3.rel1.win32_1.1.100.202309141235/tools/bin/../lib/gcc/arm-none-eabi/11.3.1/../../../../arm-none-eabi/lib/thumb/v7-m/nofp\libc_nano.a(libc_a-init.o)
                0x0000000008001f68                __libc_init_array
 .text.memcpy   0x0000000008001fb0       0x1c C:/ST/STM32CubeIDE_1.14.1/STM32CubeIDE/plugins/com.st.stm32cube.ide.mcu.externaltools.gnu-tools-for-stm32.11.3.rel1.win32_1.1.100.202309141235/tools/bin/../lib/gcc/arm-none-eabi/11.3.1/../../../../arm-none-eabi/lib/thumb/v7-m/nofp\libc_nano.a(libc_a-memcpy-stub.o)
                0x0000000008001fb0                memcpy
 *(.glue_7)
 .glue_7        0x0000000008001fcc        0x0 linker stubs
 *(.glue_7t)
 .glue_7t       0x0000000008001fcc        0x0 linker stubs
 *(.eh_frame)
 .eh_frame      0x0000000008001fcc        0x0 C:/ST/STM32CubeIDE_1.14.1/STM32CubeIDE/plugins/com.st.stm32cube.ide.mcu.externaltools.gnu-tools-for-stm32.11.3.rel1.win32_1.1.100.202309141235/tools/bin/../lib/gcc/arm-none-eabi/11.3.1/thumb/v7-m/nofp/crtbegin.o
 *(.init)
 .init          0x0000000008001fcc        0x4 C:/ST/STM32CubeIDE_1.14.1/STM32CubeIDE/plugins/com.st.stm32cube.ide.mcu.externaltools.gnu-tools-for-stm32.11.3.rel1.win32_1.1.100.202309141235/tools/bin/../lib/gcc/arm-none-eabi/11.3.1/thumb/v7-m/nofp/crti.o
                0x0000000008001fcc                _init
 .init          0x0000000008001fd0        0x8 C:/ST/STM32CubeIDE_1.14.1/STM32CubeIDE/plugins/com.st.stm32cube.ide.mcu.externaltools.gnu-tools-for-stm32.11.3.rel1.win32_1.1.100.202309141235/tools/bin/../lib/gcc/arm-none-eabi/11.3.1/thumb/v7-m/nofp/crtn.o
 *(.fini)
 .fini          0x0000000008001fd8        0x4 C:/ST/STM32CubeIDE_1.14.1/STM32CubeIDE/plugins/com.st.stm32cube.ide.mcu.externaltools.gnu-tools-for-stm32.11.3.rel1.win32_1.1.100.202309141235/tools/bin/../lib/gcc/arm-none-eabi/11.3.1/thumb/v7-m/nofp/crti.o
                0x0000000008001fd8                _fini
 .fini          0x0000000008001fdc        0x8 C:/ST/STM32CubeIDE_1.14.1/STM32CubeIDE/plugins/com.st.stm32cube.ide.mcu.externaltools.gnu-tools-for-stm32.11.3.rel1.win32_1.1.100.202309141235/tools/bin/../lib/gcc/arm-none-eabi/11.3.1/thumb/v7-m/nofp/crtn.o
                0x0000000008001fe4                . = ALIGN (0x4)
                0x0000000008001fe4                _etext = .

.vfp11_veneer   0x0000000008001fe4        0x0
 .vfp11_veneer  0x0000000008001fe4        0x0 linker stubs

.v4_bx          0x0000000008001fe4        0x0
 .v4_bx         0x0000000008001fe4        0x0 linker stubs

.iplt           0x0000000008001fe4        0x0
 .iplt          0x0000000008001fe4        0x0 C:/ST/STM32CubeIDE_1.14.1/STM32CubeIDE/plugins/com.st.stm32cube.ide.mcu.externaltools.gnu-tools-for-stm32.11.3.rel1.win32_1.1.100.202309141235/tools/bin/../lib/gcc/arm-none-eabi/11.3.1/thumb/v7-m/nofp/crtbegin.o

.rodata         0x0000000008001fe4       0x28
                0x0000000008001fe4                . = ALIGN (0x4)
 *(.rodata)
 .rodata        0x0000000008001fe4        0x5 ./FreeRTOS/tasks.o
 *fill*         0x0000000008001fe9        0x3 
 .rodata        0x0000000008001fec       0x1d ./Src/main.o
 *(.rodata*)
                0x000000000800200c                . = ALIGN (0x4)
 *fill*         0x0000000008002009        0x3 

.rel.dyn        0x000000000800200c        0x0
 .rel.iplt      0x000000000800200c        0x0 C:/ST/STM32CubeIDE_1.14.1/STM32CubeIDE/plugins/com.st.stm32cube.ide.mcu.externaltools.gnu-tools-for-stm32.11.3.rel1.win32_1.1.100.202309141235/tools/bin/../lib/gcc/arm-none-eabi/11.3.1/thumb/v7-m/nofp/crtbegin.o

.ARM.extab      0x000000000800200c        0x0
                0x000000000800200c                . = ALIGN (0x4)
 *(.ARM.extab* .gnu.linkonce.armextab.*)
                0x000000000800200c                . = ALIGN (0x4)

.ARM            0x000000000800200c        0x0
                0x000000000800200c                . = ALIGN (0x4)
                0x000000000800200c                __exidx_start = .
 *(.ARM.exidx*)
                0x000000000800200c                __exidx_end = .
                0x000000000800200c                . = ALIGN (0x4)

.preinit_array  0x000000000800200c        0x0
                0x000000000800200c                . = ALIGN (0x4)
                0x000000000800200c                PROVIDE (__preinit_array_start = .)
 *(.preinit_array*)
                0x000000000800200c                PROVIDE (__preinit_array_end = .)
                0x000000000800200c                . = ALIGN (0x4)

.init_array     0x000000000800200c        0x4
                0x000000000800200c                . = ALIGN (0x4)
                0x000000000800200c                PROVIDE (__init_array_start = .)
 *(SORT_BY_NAME(.init_array.*))
 *(.init_array*)
 .init_array    0x000000000800200c        0x4 C:/ST/STM32CubeIDE_1.14.1/STM32CubeIDE/plugins/com.st.stm32cube.ide.mcu.externaltools.gnu-tools-for-stm32.11.3.rel1.win32_1.1.100.202309141235/tools/bin/../lib/gcc/arm-none-eabi/11.3.1/thumb/v7-m/nofp/crtbegin.o
                0x0000000008002010                PROVIDE (__init_array_end = .)
                0x0000000008002010                . = ALIGN (0x4)

.fini_array     0x0000000008002010        0x4
                0x0000000008002010                . = ALIGN (0x4)
                [!provide]                        PROVIDE (__fini_array_start = .)
 *(SORT_BY_NAME(.fini_array.*))
 *(.fini_array*)
 .fini_array    0x0000000008002010        0x4 C:/ST/STM32CubeIDE_1.14.1/STM32CubeIDE/plugins/com.st.stm32cube.ide.mcu.externaltools.gnu-tools-for-stm32.11.3.rel1.win32_1.1.100.202309141235/tools/bin/../lib/gcc/arm-none-eabi/11.3.1/thumb/v7-m/nofp/crtbegin.o
                [!provide]                        PROVIDE (__fini_array_end = .)
                0x0000000008002014                . = ALIGN (0x4)
                0x0000000008002014                _sidata = LOADADDR (.data)

.data           0x0000000020000000        0x8 load address 0x0000000008002014
                0x0000000020000000                . = ALIGN (0x4)
                0x0000000020000000                _sdata = .
 *(.data)
 *(.data*)
 .data.uxTopUsedPriority
                0x0000000020000000        0x4 ./FreeRTOS/tasks.o
                0x0000000020000000                uxTopUsedPriority
 .data.uxCriticalNesting
                0x0000000020000004        0x4 ./FreeRTOS/portable/GCC/ARM_CM3/port.o
 *(.RamFunc)
 *(.RamFunc*)
                0x0000000020000008                . = ALIGN (0x4)
                0x0000000020000008                _edata = .

.igot.plt       0x0000000020000008        0x0 load address 0x000000000800201c
 .igot.plt      0x0000000020000008        0x0 C:/ST/STM32CubeIDE_1.14.1/STM32CubeIDE/plugins/com.st.stm32cube.ide.mcu.externaltools.gnu-tools-for-stm32.11.3.rel1.win32_1.1.100.202309141235/tools/bin/../lib/gcc/arm-none-eabi/11.3.1/thumb/v7-m/nofp/crtbegin.o
                0x0000000020000008                . = ALIGN (0x4)

.bss            0x0000000020000008     0x21c4 load address 0x000000000800201c
                0x0000000020000008                _sbss = .
                0x0000000020000008                __bss_start__ = _sbss
 *(.bss)
 .bss           0x0000000020000008       0x1c C:/ST/STM32CubeIDE_1.14.1/STM32CubeIDE/plugins/com.st.stm32cube.ide.mcu.externaltools.gnu-tools-for-stm32.11.3.rel1.win32_1.1.100.202309141235/tools/bin/../lib/gcc/arm-none-eabi/11.3.1/thumb/v7-m/nofp/crtbegin.o
 *(.bss*)
 .bss.pxCurrentTCB
                0x0000000020000024        0x4 ./FreeRTOS/tasks.o
                0x0000000020000024                pxCurrentTCB
 .bss.pxReadyTasksLists
                0x0000000020000028       0x64 ./FreeRTOS/tasks.o
 .bss.xDelayedTaskList1
                0x000000002000008c       0x14 ./FreeRTOS/tasks.o
 .bss.xDelayedTaskList2
                0x00000000200000a0       0x14 ./FreeRTOS/tasks.o
 .bss.pxDelayedTaskList
                0x00000000200000b4        0x4 ./FreeRTOS/tasks.o
 .bss.pxOverflowDelayedTaskList
                0x00000000200000b8        0x4 ./FreeRTOS/tasks.o
 .bss.xPendingReadyList
                0x00000000200000bc       0x14 ./FreeRTOS/tasks.o
 .bss.xTasksWaitingTermination
                0x00000000200000d0       0x14 ./FreeRTOS/tasks.o
 .bss.uxDeletedTasksWaitingCleanUp
                0x00000000200000e4        0x4 ./FreeRTOS/tasks.o
 .bss.xSuspendedTaskList
                0x00000000200000e8       0x14 ./FreeRTOS/tasks.o
 .bss.uxCurrentNumberOfTasks
                0x00000000200000fc        0x4 ./FreeRTOS/tasks.o
 .bss.xTickCount
                0x0000000020000100        0x4 ./FreeRTOS/tasks.o
 .bss.uxTopReadyPriority
                0x0000000020000104        0x4 ./FreeRTOS/tasks.o
 .bss.xSchedulerRunning
                0x0000000020000108        0x4 ./FreeRTOS/tasks.o
 .bss.xPendedTicks
                0x000000002000010c        0x4 ./FreeRTOS/tasks.o
 .bss.xYieldPending
                0x0000000020000110        0x4 ./FreeRTOS/tasks.o
 .bss.xNumOfOverflows
                0x0000000020000114        0x4 ./FreeRTOS/tasks.o
 .bss.uxTaskNumber
                0x0000000020000118        0x4 ./FreeRTOS/tasks.o
 .bss.xNextTaskUnblockTime
                0x000000002000011c        0x4 ./FreeRTOS/tasks.o
 .bss.xIdleTaskHandle
                0x0000000020000120        0x4 ./FreeRTOS/tasks.o
 .bss.uxSchedulerSuspended
                0x0000000020000124        0x4 ./FreeRTOS/tasks.o
 .bss.ucHeap    0x0000000020000128     0x2000 ./FreeRTOS/portable/MemMang/heap_4.o
 .bss.xStart    0x0000000020002128        0x8 ./FreeRTOS/portable/MemMang/heap_4.o
 .bss.pxEnd     0x0000000020002130        0x4 ./FreeRTOS/portable/MemMang/heap_4.o
 .bss.xFreeBytesRemaining
                0x0000000020002134        0x4 ./FreeRTOS/portable/MemMang/heap_4.o
 .bss.xMinimumEverFreeBytesRemaining
                0x0000000020002138        0x4 ./FreeRTOS/portable/MemMang/heap_4.o
 .bss.xNumberOfSuccessfulAllocations
                0x000000002000213c        0x4 ./FreeRTOS/portable/MemMang/heap_4.o
 .bss.xNumberOfSuccessfulFrees
                0x0000000020002140        0x4 ./FreeRTOS/portable/MemMang/heap_4.o
 .bss.xBlockAllocatedBit
                0x0000000020002144        0x4 ./FreeRTOS/portable/MemMang/heap_4.o
 .bss.GP_IRQ_CALLBACK
                0x0000000020002148       0x3c ./STM32f103_Drivers/EXTI_DRIVER.o
                0x0000000020002148                GP_IRQ_CALLBACK
 .bss.Global_UART_Config
                0x0000000020002184       0x3c ./STM32f103_Drivers/STM32F103C6_USART_DRIVERS.o
                0x0000000020002184                Global_UART_Config
 .bss.vTaskMasterHandle
                0x00000000200021c0        0x4 ./Src/main.o
                0x00000000200021c0                vTaskMasterHandle
 .bss.vTaskSlaveHandle
                0x00000000200021c4        0x4 ./Src/main.o
                0x00000000200021c4                vTaskSlaveHandle
 .bss.xQueueHandel
                0x00000000200021c8        0x4 ./Src/main.o
                0x00000000200021c8                xQueueHandel
 *(COMMON)
                0x00000000200021cc                . = ALIGN (0x4)
                0x00000000200021cc                _ebss = .
                0x00000000200021cc                __bss_end__ = _ebss

._user_heap_stack
                0x00000000200021cc      0x604 load address 0x000000000800201c
                0x00000000200021d0                . = ALIGN (0x8)
 *fill*         0x00000000200021cc        0x4 
                [!provide]                        PROVIDE (end = .)
                0x00000000200021d0                PROVIDE (_end = .)
                0x00000000200023d0                . = (. + _Min_Heap_Size)
 *fill*         0x00000000200021d0      0x200 
                0x00000000200027d0                . = (. + _Min_Stack_Size)
 *fill*         0x00000000200023d0      0x400 
                0x00000000200027d0                . = ALIGN (0x8)

/DISCARD/
 libc.a(*)
 libm.a(*)
 libgcc.a(*)

.ARM.attributes
                0x0000000000000000       0x29
 *(.ARM.attributes)
 .ARM.attributes
                0x0000000000000000       0x1d C:/ST/STM32CubeIDE_1.14.1/STM32CubeIDE/plugins/com.st.stm32cube.ide.mcu.externaltools.gnu-tools-for-stm32.11.3.rel1.win32_1.1.100.202309141235/tools/bin/../lib/gcc/arm-none-eabi/11.3.1/thumb/v7-m/nofp/crti.o
 .ARM.attributes
                0x000000000000001d       0x2d C:/ST/STM32CubeIDE_1.14.1/STM32CubeIDE/plugins/com.st.stm32cube.ide.mcu.externaltools.gnu-tools-for-stm32.11.3.rel1.win32_1.1.100.202309141235/tools/bin/../lib/gcc/arm-none-eabi/11.3.1/thumb/v7-m/nofp/crtbegin.o
 .ARM.attributes
                0x000000000000004a       0x2d ./FreeRTOS/list.o
 .ARM.attributes
                0x0000000000000077       0x2d ./FreeRTOS/queue.o
 .ARM.attributes
                0x00000000000000a4       0x2d ./FreeRTOS/tasks.o
 .ARM.attributes
                0x00000000000000d1       0x2d ./FreeRTOS/portable/GCC/ARM_CM3/port.o
 .ARM.attributes
                0x00000000000000fe       0x2d ./FreeRTOS/portable/MemMang/heap_4.o
 .ARM.attributes
                0x000000000000012b       0x2d ./STM32f103_Drivers/EXTI_DRIVER.o
 .ARM.attributes
                0x0000000000000158       0x2d ./STM32f103_Drivers/STM32F103C6_USART_DRIVERS.o
 .ARM.attributes
                0x0000000000000185       0x2d ./STM32f103_Drivers/STM32_F103C6_GPIO_DRIVERS.o
 .ARM.attributes
                0x00000000000001b2       0x2d ./Src/main.o
 .ARM.attributes
                0x00000000000001df       0x21 ./Startup/startup_stm32f103c8tx.o
 .ARM.attributes
                0x0000000000000200       0x2d C:/ST/STM32CubeIDE_1.14.1/STM32CubeIDE/plugins/com.st.stm32cube.ide.mcu.externaltools.gnu-tools-for-stm32.11.3.rel1.win32_1.1.100.202309141235/tools/bin/../lib/gcc/arm-none-eabi/11.3.1/../../../../arm-none-eabi/lib/thumb/v7-m/nofp\libc_nano.a(libc_a-memset.o)
 .ARM.attributes
                0x000000000000022d       0x2d C:/ST/STM32CubeIDE_1.14.1/STM32CubeIDE/plugins/com.st.stm32cube.ide.mcu.externaltools.gnu-tools-for-stm32.11.3.rel1.win32_1.1.100.202309141235/tools/bin/../lib/gcc/arm-none-eabi/11.3.1/../../../../arm-none-eabi/lib/thumb/v7-m/nofp\libc_nano.a(libc_a-init.o)
 .ARM.attributes
                0x000000000000025a       0x2d C:/ST/STM32CubeIDE_1.14.1/STM32CubeIDE/plugins/com.st.stm32cube.ide.mcu.externaltools.gnu-tools-for-stm32.11.3.rel1.win32_1.1.100.202309141235/tools/bin/../lib/gcc/arm-none-eabi/11.3.1/../../../../arm-none-eabi/lib/thumb/v7-m/nofp\libc_nano.a(libc_a-memcpy-stub.o)
 .ARM.attributes
                0x0000000000000287       0x1d C:/ST/STM32CubeIDE_1.14.1/STM32CubeIDE/plugins/com.st.stm32cube.ide.mcu.externaltools.gnu-tools-for-stm32.11.3.rel1.win32_1.1.100.202309141235/tools/bin/../lib/gcc/arm-none-eabi/11.3.1/thumb/v7-m/nofp/crtn.o
OUTPUT(Master_Slave_RTOS.elf elf32-littlearm)
LOAD linker stubs
LOAD C:/ST/STM32CubeIDE_1.14.1/STM32CubeIDE/plugins/com.st.stm32cube.ide.mcu.externaltools.gnu-tools-for-stm32.11.3.rel1.win32_1.1.100.202309141235/tools/bin/../lib/gcc/arm-none-eabi/11.3.1/../../../../arm-none-eabi/lib/thumb/v7-m/nofp\libc.a
LOAD C:/ST/STM32CubeIDE_1.14.1/STM32CubeIDE/plugins/com.st.stm32cube.ide.mcu.externaltools.gnu-tools-for-stm32.11.3.rel1.win32_1.1.100.202309141235/tools/bin/../lib/gcc/arm-none-eabi/11.3.1/../../../../arm-none-eabi/lib/thumb/v7-m/nofp\libm.a
LOAD C:/ST/STM32CubeIDE_1.14.1/STM32CubeIDE/plugins/com.st.stm32cube.ide.mcu.externaltools.gnu-tools-for-stm32.11.3.rel1.win32_1.1.100.202309141235/tools/bin/../lib/gcc/arm-none-eabi/11.3.1/thumb/v7-m/nofp\libgcc.a

.comment        0x0000000000000000       0x43
 .comment       0x0000000000000000       0x43 C:/ST/STM32CubeIDE_1.14.1/STM32CubeIDE/plugins/com.st.stm32cube.ide.mcu.externaltools.gnu-tools-for-stm32.11.3.rel1.win32_1.1.100.202309141235/tools/bin/../lib/gcc/arm-none-eabi/11.3.1/thumb/v7-m/nofp/crtbegin.o
                                         0x44 (size before relaxing)
 .comment       0x0000000000000043       0x44 ./FreeRTOS/list.o
 .comment       0x0000000000000043       0x44 ./FreeRTOS/queue.o
 .comment       0x0000000000000043       0x44 ./FreeRTOS/tasks.o
 .comment       0x0000000000000043       0x44 ./FreeRTOS/portable/GCC/ARM_CM3/port.o
 .comment       0x0000000000000043       0x44 ./FreeRTOS/portable/MemMang/heap_4.o
 .comment       0x0000000000000043       0x44 ./STM32f103_Drivers/EXTI_DRIVER.o
 .comment       0x0000000000000043       0x44 ./STM32f103_Drivers/STM32F103C6_USART_DRIVERS.o
 .comment       0x0000000000000043       0x44 ./STM32f103_Drivers/STM32_F103C6_GPIO_DRIVERS.o
 .comment       0x0000000000000043       0x44 ./Src/main.o

.debug_info     0x0000000000000000     0x4429
 .debug_info    0x0000000000000000      0x2af ./FreeRTOS/list.o
 .debug_info    0x00000000000002af      0xec9 ./FreeRTOS/queue.o
 .debug_info    0x0000000000001178     0x18d6 ./FreeRTOS/tasks.o
 .debug_info    0x0000000000002a4e      0x2e7 ./FreeRTOS/portable/GCC/ARM_CM3/port.o
 .debug_info    0x0000000000002d35      0x433 ./FreeRTOS/portable/MemMang/heap_4.o
 .debug_info    0x0000000000003168      0x479 ./STM32f103_Drivers/EXTI_DRIVER.o
 .debug_info    0x00000000000035e1      0x555 ./STM32f103_Drivers/STM32F103C6_USART_DRIVERS.o
 .debug_info    0x0000000000003b36      0x462 ./STM32f103_Drivers/STM32_F103C6_GPIO_DRIVERS.o
 .debug_info    0x0000000000003f98      0x46e ./Src/main.o
 .debug_info    0x0000000000004406       0x23 ./Startup/startup_stm32f103c8tx.o

.debug_abbrev   0x0000000000000000     0x114c
 .debug_abbrev  0x0000000000000000       0xf5 ./FreeRTOS/list.o
 .debug_abbrev  0x00000000000000f5      0x2a2 ./FreeRTOS/queue.o
 .debug_abbrev  0x0000000000000397      0x348 ./FreeRTOS/tasks.o
 .debug_abbrev  0x00000000000006df      0x20c ./FreeRTOS/portable/GCC/ARM_CM3/port.o
 .debug_abbrev  0x00000000000008eb      0x1b9 ./FreeRTOS/portable/MemMang/heap_4.o
 .debug_abbrev  0x0000000000000aa4      0x19c ./STM32f103_Drivers/EXTI_DRIVER.o
 .debug_abbrev  0x0000000000000c40      0x212 ./STM32f103_Drivers/STM32F103C6_USART_DRIVERS.o
 .debug_abbrev  0x0000000000000e52      0x15f ./STM32f103_Drivers/STM32_F103C6_GPIO_DRIVERS.o
 .debug_abbrev  0x0000000000000fb1      0x189 ./Src/main.o
 .debug_abbrev  0x000000000000113a       0x12 ./Startup/startup_stm32f103c8tx.o

.debug_aranges  0x0000000000000000      0x508
 .debug_aranges
                0x0000000000000000       0x40 ./FreeRTOS/list.o
 .debug_aranges
                0x0000000000000040       0xc8 ./FreeRTOS/queue.o
 .debug_aranges
                0x0000000000000108      0x188 ./FreeRTOS/tasks.o
 .debug_aranges
                0x0000000000000290       0x70 ./FreeRTOS/portable/GCC/ARM_CM3/port.o
 .debug_aranges
                0x0000000000000300       0x58 ./FreeRTOS/portable/MemMang/heap_4.o
 .debug_aranges
                0x0000000000000358       0x80 ./STM32f103_Drivers/EXTI_DRIVER.o
 .debug_aranges
                0x00000000000003d8       0x68 ./STM32f103_Drivers/STM32F103C6_USART_DRIVERS.o
 .debug_aranges
                0x0000000000000440       0x68 ./STM32f103_Drivers/STM32_F103C6_GPIO_DRIVERS.o
 .debug_aranges
                0x00000000000004a8       0x38 ./Src/main.o
 .debug_aranges
                0x00000000000004e0       0x28 ./Startup/startup_stm32f103c8tx.o

.debug_rnglists
                0x0000000000000000      0x3c4
 .debug_rnglists
                0x0000000000000000       0x2b ./FreeRTOS/list.o
 .debug_rnglists
                0x000000000000002b       0x9b ./FreeRTOS/queue.o
 .debug_rnglists
                0x00000000000000c6      0x137 ./FreeRTOS/tasks.o
 .debug_rnglists
                0x00000000000001fd       0x4f ./FreeRTOS/portable/GCC/ARM_CM3/port.o
 .debug_rnglists
                0x000000000000024c       0x42 ./FreeRTOS/portable/MemMang/heap_4.o
 .debug_rnglists
                0x000000000000028e       0x60 ./STM32f103_Drivers/EXTI_DRIVER.o
 .debug_rnglists
                0x00000000000002ee       0x4c ./STM32f103_Drivers/STM32F103C6_USART_DRIVERS.o
 .debug_rnglists
                0x000000000000033a       0x4c ./STM32f103_Drivers/STM32_F103C6_GPIO_DRIVERS.o
 .debug_rnglists
                0x0000000000000386       0x25 ./Src/main.o
 .debug_rnglists
                0x00000000000003ab       0x19 ./Startup/startup_stm32f103c8tx.o

.debug_macro    0x0000000000000000     0x1c22
 .debug_macro   0x0000000000000000      0x198 ./FreeRTOS/list.o
 .debug_macro   0x0000000000000198      0x221 ./FreeRTOS/queue.o
 .debug_macro   0x00000000000003b9       0x16 ./FreeRTOS/queue.o
 .debug_macro   0x00000000000003cf       0x35 ./FreeRTOS/queue.o
 .debug_macro   0x0000000000000404       0x20 ./FreeRTOS/queue.o
 .debug_macro   0x0000000000000424       0x80 ./FreeRTOS/queue.o
 .debug_macro   0x00000000000004a4      0x27e ./FreeRTOS/tasks.o
 .debug_macro   0x0000000000000722       0x10 ./FreeRTOS/tasks.o
 .debug_macro   0x0000000000000732      0x177 ./FreeRTOS/portable/GCC/ARM_CM3/port.o
 .debug_macro   0x00000000000008a9      0x1b3 ./FreeRTOS/portable/MemMang/heap_4.o
 .debug_macro   0x0000000000000a5c      0x165 ./STM32f103_Drivers/EXTI_DRIVER.o
 .debug_macro   0x0000000000000bc1      0x6aa ./STM32f103_Drivers/EXTI_DRIVER.o
 .debug_macro   0x000000000000126b       0xd0 ./STM32f103_Drivers/EXTI_DRIVER.o
 .debug_macro   0x000000000000133b      0x223 ./STM32f103_Drivers/EXTI_DRIVER.o
 .debug_macro   0x000000000000155e      0x15e ./STM32f103_Drivers/STM32F103C6_USART_DRIVERS.o
 .debug_macro   0x00000000000016bc       0xd6 ./STM32f103_Drivers/STM32F103C6_USART_DRIVERS.o
 .debug_macro   0x0000000000001792       0x10 ./STM32f103_Drivers/STM32F103C6_USART_DRIVERS.o
 .debug_macro   0x00000000000017a2       0xe2 ./STM32f103_Drivers/STM32F103C6_USART_DRIVERS.o
 .debug_macro   0x0000000000001884      0x14c ./STM32f103_Drivers/STM32_F103C6_GPIO_DRIVERS.o
 .debug_macro   0x00000000000019d0      0x1e9 ./Src/main.o
 .debug_macro   0x0000000000001bb9       0x69 ./Src/main.o

.debug_line     0x0000000000000000     0x5f7c
 .debug_line    0x0000000000000000      0x79e ./FreeRTOS/list.o
 .debug_line    0x000000000000079e      0xee7 ./FreeRTOS/queue.o
 .debug_line    0x0000000000001685     0x1548 ./FreeRTOS/tasks.o
 .debug_line    0x0000000000002bcd      0x710 ./FreeRTOS/portable/GCC/ARM_CM3/port.o
 .debug_line    0x00000000000032dd      0x973 ./FreeRTOS/portable/MemMang/heap_4.o
 .debug_line    0x0000000000003c50      0x96b ./STM32f103_Drivers/EXTI_DRIVER.o
 .debug_line    0x00000000000045bb      0x957 ./STM32f103_Drivers/STM32F103C6_USART_DRIVERS.o
 .debug_line    0x0000000000004f12      0x84b ./STM32f103_Drivers/STM32_F103C6_GPIO_DRIVERS.o
 .debug_line    0x000000000000575d      0x7a4 ./Src/main.o
 .debug_line    0x0000000000005f01       0x7b ./Startup/startup_stm32f103c8tx.o

.debug_str      0x0000000000000000    0x13b4b
 .debug_str     0x0000000000000000     0xac92 ./FreeRTOS/list.o
                                       0xaeb7 (size before relaxing)
 .debug_str     0x000000000000ac92     0x2155 ./FreeRTOS/queue.o
                                       0xd008 (size before relaxing)
 .debug_str     0x000000000000cde7     0x1873 ./FreeRTOS/tasks.o
                                       0xdbe6 (size before relaxing)
 .debug_str     0x000000000000e65a      0x59b ./FreeRTOS/portable/GCC/ARM_CM3/port.o
                                       0x948e (size before relaxing)
 .debug_str     0x000000000000ebf5      0x30e ./FreeRTOS/portable/MemMang/heap_4.o
                                       0xc361 (size before relaxing)
 .debug_str     0x000000000000ef03     0x3b34 ./STM32f103_Drivers/EXTI_DRIVER.o
                                       0xacee (size before relaxing)
 .debug_str     0x0000000000012a37      0x8ff ./STM32f103_Drivers/STM32F103C6_USART_DRIVERS.o
                                       0xa0a5 (size before relaxing)
 .debug_str     0x0000000000013336      0x12f ./STM32f103_Drivers/STM32_F103C6_GPIO_DRIVERS.o
                                       0x991f (size before relaxing)
 .debug_str     0x0000000000013465      0x6b7 ./Src/main.o
                                       0xf468 (size before relaxing)
 .debug_str     0x0000000000013b1c       0x2f ./Startup/startup_stm32f103c8tx.o
                                         0x6f (size before relaxing)

.debug_frame    0x0000000000000000     0x1310
 .debug_frame   0x0000000000000000       0xd8 ./FreeRTOS/list.o
 .debug_frame   0x00000000000000d8      0x334 ./FreeRTOS/queue.o
 .debug_frame   0x000000000000040c      0x6a4 ./FreeRTOS/tasks.o
 .debug_frame   0x0000000000000ab0      0x160 ./FreeRTOS/portable/GCC/ARM_CM3/port.o
 .debug_frame   0x0000000000000c10      0x12c ./FreeRTOS/portable/MemMang/heap_4.o
 .debug_frame   0x0000000000000d3c      0x1b4 ./STM32f103_Drivers/EXTI_DRIVER.o
 .debug_frame   0x0000000000000ef0      0x170 ./STM32f103_Drivers/STM32F103C6_USART_DRIVERS.o
 .debug_frame   0x0000000000001060      0x1a0 ./STM32f103_Drivers/STM32_F103C6_GPIO_DRIVERS.o
 .debug_frame   0x0000000000001200       0x9c ./Src/main.o
 .debug_frame   0x000000000000129c       0x20 C:/ST/STM32CubeIDE_1.14.1/STM32CubeIDE/plugins/com.st.stm32cube.ide.mcu.externaltools.gnu-tools-for-stm32.11.3.rel1.win32_1.1.100.202309141235/tools/bin/../lib/gcc/arm-none-eabi/11.3.1/../../../../arm-none-eabi/lib/thumb/v7-m/nofp\libc_nano.a(libc_a-memset.o)
 .debug_frame   0x00000000000012bc       0x2c C:/ST/STM32CubeIDE_1.14.1/STM32CubeIDE/plugins/com.st.stm32cube.ide.mcu.externaltools.gnu-tools-for-stm32.11.3.rel1.win32_1.1.100.202309141235/tools/bin/../lib/gcc/arm-none-eabi/11.3.1/../../../../arm-none-eabi/lib/thumb/v7-m/nofp\libc_nano.a(libc_a-init.o)
 .debug_frame   0x00000000000012e8       0x28 C:/ST/STM32CubeIDE_1.14.1/STM32CubeIDE/plugins/com.st.stm32cube.ide.mcu.externaltools.gnu-tools-for-stm32.11.3.rel1.win32_1.1.100.202309141235/tools/bin/../lib/gcc/arm-none-eabi/11.3.1/../../../../arm-none-eabi/lib/thumb/v7-m/nofp\libc_nano.a(libc_a-memcpy-stub.o)

.debug_line_str
                0x0000000000000000       0x63
 .debug_line_str
                0x0000000000000000       0x63 ./Startup/startup_stm32f103c8tx.o
                                         0x7b (size before relaxing)
