../STM32F103_Drivers/STM32F103C6_USART_DRIVERS.c:47:6:MCAL_UART_INIT	24	static
../STM32F103_Drivers/STM32F103C6_USART_DRIVERS.c:142:6:MCAL_UART_DeINIT	0	static
../STM32F103_Drivers/STM32F103C6_USART_DRIVERS.c:180:6:MCAL_UART_SEND_DATA	0	static
../STM32F103_Drivers/STM32F103C6_USART_DRIVERS.c:214:6:MCAL_UART_RECEIVE_DATA	8	static
../STM32F103_Drivers/STM32F103C6_USART_DRIVERS.c:257:6:MCAL_UART_GPIO_Set_Pins	16	static
../STM32F103_Drivers/STM32F103C6_USART_DRIVERS.c:375:6:MCAL_UART_WAIT_TC	0	static
../STM32F103_Drivers/STM32F103C6_USART_DRIVERS.c:390:6:USART1_IRQHandler	0	static
../STM32F103_Drivers/STM32F103C6_USART_DRIVERS.c:396:6:USART2_IRQHandler	0	static
../STM32F103_Drivers/STM32F103C6_USART_DRIVERS.c:402:6:USART3_IRQHandler	0	static
