Archive member included to satisfy reference by file (symbol)

C:/ST/STM32CubeIDE_1.14.1/STM32CubeIDE/plugins/com.st.stm32cube.ide.mcu.externaltools.gnu-tools-for-stm32.11.3.rel1.win32_1.1.100.202309141235/tools/bin/../lib/gcc/arm-none-eabi/11.3.1/../../../../arm-none-eabi/lib/thumb/v7-m/nofp\libc_nano.a(libc_a-exit.o)
                              C:/ST/STM32CubeIDE_1.14.1/STM32CubeIDE/plugins/com.st.stm32cube.ide.mcu.externaltools.gnu-tools-for-stm32.11.3.rel1.win32_1.1.100.202309141235/tools/bin/../lib/gcc/arm-none-eabi/11.3.1/../../../../arm-none-eabi/lib/thumb/v7-m/nofp/crt0.o (exit)
C:/ST/STM32CubeIDE_1.14.1/STM32CubeIDE/plugins/com.st.stm32cube.ide.mcu.externaltools.gnu-tools-for-stm32.11.3.rel1.win32_1.1.100.202309141235/tools/bin/../lib/gcc/arm-none-eabi/11.3.1/../../../../arm-none-eabi/lib/thumb/v7-m/nofp\libc_nano.a(libc_a-findfp.o)
                              C:/ST/STM32CubeIDE_1.14.1/STM32CubeIDE/plugins/com.st.stm32cube.ide.mcu.externaltools.gnu-tools-for-stm32.11.3.rel1.win32_1.1.100.202309141235/tools/bin/../lib/gcc/arm-none-eabi/11.3.1/../../../../arm-none-eabi/lib/thumb/v7-m/nofp\libc_nano.a(libc_a-exit.o) (__stdio_exit_handler)
C:/ST/STM32CubeIDE_1.14.1/STM32CubeIDE/plugins/com.st.stm32cube.ide.mcu.externaltools.gnu-tools-for-stm32.11.3.rel1.win32_1.1.100.202309141235/tools/bin/../lib/gcc/arm-none-eabi/11.3.1/../../../../arm-none-eabi/lib/thumb/v7-m/nofp\libc_nano.a(libc_a-fwalk.o)
                              C:/ST/STM32CubeIDE_1.14.1/STM32CubeIDE/plugins/com.st.stm32cube.ide.mcu.externaltools.gnu-tools-for-stm32.11.3.rel1.win32_1.1.100.202309141235/tools/bin/../lib/gcc/arm-none-eabi/11.3.1/../../../../arm-none-eabi/lib/thumb/v7-m/nofp\libc_nano.a(libc_a-findfp.o) (_fwalk_sglue)
C:/ST/STM32CubeIDE_1.14.1/STM32CubeIDE/plugins/com.st.stm32cube.ide.mcu.externaltools.gnu-tools-for-stm32.11.3.rel1.win32_1.1.100.202309141235/tools/bin/../lib/gcc/arm-none-eabi/11.3.1/../../../../arm-none-eabi/lib/thumb/v7-m/nofp\libc_nano.a(libc_a-stdio.o)
                              C:/ST/STM32CubeIDE_1.14.1/STM32CubeIDE/plugins/com.st.stm32cube.ide.mcu.externaltools.gnu-tools-for-stm32.11.3.rel1.win32_1.1.100.202309141235/tools/bin/../lib/gcc/arm-none-eabi/11.3.1/../../../../arm-none-eabi/lib/thumb/v7-m/nofp\libc_nano.a(libc_a-findfp.o) (__sread)
C:/ST/STM32CubeIDE_1.14.1/STM32CubeIDE/plugins/com.st.stm32cube.ide.mcu.externaltools.gnu-tools-for-stm32.11.3.rel1.win32_1.1.100.202309141235/tools/bin/../lib/gcc/arm-none-eabi/11.3.1/../../../../arm-none-eabi/lib/thumb/v7-m/nofp\libc_nano.a(libc_a-memset.o)
                              C:/ST/STM32CubeIDE_1.14.1/STM32CubeIDE/plugins/com.st.stm32cube.ide.mcu.externaltools.gnu-tools-for-stm32.11.3.rel1.win32_1.1.100.202309141235/tools/bin/../lib/gcc/arm-none-eabi/11.3.1/../../../../arm-none-eabi/lib/thumb/v7-m/nofp/crt0.o (memset)
C:/ST/STM32CubeIDE_1.14.1/STM32CubeIDE/plugins/com.st.stm32cube.ide.mcu.externaltools.gnu-tools-for-stm32.11.3.rel1.win32_1.1.100.202309141235/tools/bin/../lib/gcc/arm-none-eabi/11.3.1/../../../../arm-none-eabi/lib/thumb/v7-m/nofp\libc_nano.a(libc_a-closer.o)
                              C:/ST/STM32CubeIDE_1.14.1/STM32CubeIDE/plugins/com.st.stm32cube.ide.mcu.externaltools.gnu-tools-for-stm32.11.3.rel1.win32_1.1.100.202309141235/tools/bin/../lib/gcc/arm-none-eabi/11.3.1/../../../../arm-none-eabi/lib/thumb/v7-m/nofp\libc_nano.a(libc_a-stdio.o) (_close_r)
C:/ST/STM32CubeIDE_1.14.1/STM32CubeIDE/plugins/com.st.stm32cube.ide.mcu.externaltools.gnu-tools-for-stm32.11.3.rel1.win32_1.1.100.202309141235/tools/bin/../lib/gcc/arm-none-eabi/11.3.1/../../../../arm-none-eabi/lib/thumb/v7-m/nofp\libc_nano.a(libc_a-reent.o)
                              C:/ST/STM32CubeIDE_1.14.1/STM32CubeIDE/plugins/com.st.stm32cube.ide.mcu.externaltools.gnu-tools-for-stm32.11.3.rel1.win32_1.1.100.202309141235/tools/bin/../lib/gcc/arm-none-eabi/11.3.1/../../../../arm-none-eabi/lib/thumb/v7-m/nofp\libc_nano.a(libc_a-closer.o) (errno)
C:/ST/STM32CubeIDE_1.14.1/STM32CubeIDE/plugins/com.st.stm32cube.ide.mcu.externaltools.gnu-tools-for-stm32.11.3.rel1.win32_1.1.100.202309141235/tools/bin/../lib/gcc/arm-none-eabi/11.3.1/../../../../arm-none-eabi/lib/thumb/v7-m/nofp\libc_nano.a(libc_a-impure.o)
                              C:/ST/STM32CubeIDE_1.14.1/STM32CubeIDE/plugins/com.st.stm32cube.ide.mcu.externaltools.gnu-tools-for-stm32.11.3.rel1.win32_1.1.100.202309141235/tools/bin/../lib/gcc/arm-none-eabi/11.3.1/../../../../arm-none-eabi/lib/thumb/v7-m/nofp\libc_nano.a(libc_a-reent.o) (_impure_ptr)
C:/ST/STM32CubeIDE_1.14.1/STM32CubeIDE/plugins/com.st.stm32cube.ide.mcu.externaltools.gnu-tools-for-stm32.11.3.rel1.win32_1.1.100.202309141235/tools/bin/../lib/gcc/arm-none-eabi/11.3.1/../../../../arm-none-eabi/lib/thumb/v7-m/nofp\libc_nano.a(libc_a-lseekr.o)
[...]
Memory Configuration

Name             Origin             Length             Attributes
RAM              0x0000000020000000 0x0000000000005000 xrw
FLASH            0x0000000008000000 0x0000000000010000 xr
*default*        0x0000000000000000 0xffffffffffffffff

Linker script and memory map

LOAD C:/ST/STM32CubeIDE_1.14.1/STM32CubeIDE/plugins/com.st.stm32cube.ide.mcu.externaltools.gnu-tools-for-stm32.11.3.rel1.win32_1.1.100.202309141235/tools/bin/../lib/gcc/arm-none-eabi/11.3.1/thumb/v7-m/nofp/crti.o
LOAD C:/ST/STM32CubeIDE_1.14.1/STM32CubeIDE/plugins/com.st.stm32cube.ide.mcu.externaltools.gnu-tools-for-stm32.11.3.rel1.win32_1.1.100.202309141235/tools/bin/../lib/gcc/arm-none-eabi/11.3.1/thumb/v7-m/nofp/crtbegin.o
LOAD C:/ST/STM32CubeIDE_1.14.1/STM32CubeIDE/plugins/com.st.stm32cube.ide.mcu.externaltools.gnu-tools-for-stm32.11.3.rel1.win32_1.1.100.202309141235/tools/bin/../lib/gcc/arm-none-eabi/11.3.1/../../../../arm-none-eabi/lib/thumb/v7-m/nofp/crt0.o
LOAD ./FreeRTOS/croutine.o
LOAD ./FreeRTOS/event_groups.o
LOAD ./FreeRTOS/list.o
LOAD ./FreeRTOS/queue.o
LOAD ./FreeRTOS/stream_buffer.o
LOAD ./FreeRTOS/tasks.o
LOAD ./FreeRTOS/timers.o
LOAD ./FreeRTOS/portable/GCC/ARM_CM3/port.o
LOAD ./FreeRTOS/portable/MemMang/heap_4.o
LOAD ./STM32F103_Drivers/EXTI_DRIVER.o
LOAD ./STM32F103_Drivers/STM32F103C6_USART_DRIVERS.o
LOAD ./STM32F103_Drivers/STM32_F103C6_GPIO_DRIVERS.o
LOAD ./STM32F103_Drivers/STM32_F103C6_RCC_DRIVERS.o
LOAD ./STM32F103_Drivers/Timer.o
LOAD ./Src/main.o
LOAD ./Src/syscalls.o
LOAD ./Src/sysmem.o
LOAD ./Startup/startup_stm32f103c8tx.o
START GROUP
LOAD C:/ST/STM32CubeIDE_1.14.1/STM32CubeIDE/plugins/com.st.stm32cube.ide.mcu.externaltools.gnu-tools-for-stm32.11.3.rel1.win32_1.1.100.202309141235/tools/bin/../lib/gcc/arm-none-eabi/11.3.1/../../../../arm-none-eabi/lib/thumb/v7-m/nofp\libc_nano.a
LOAD C:/ST/STM32CubeIDE_1.14.1/STM32CubeIDE/plugins/com.st.stm32cube.ide.mcu.externaltools.gnu-tools-for-stm32.11.3.rel1.win32_1.1.100.202309141235/tools/bin/../lib/gcc/arm-none-eabi/11.3.1/../../../../arm-none-eabi/lib/thumb/v7-m/nofp\libm.a
END GROUP
START GROUP
LOAD C:/ST/STM32CubeIDE_1.14.1/STM32CubeIDE/plugins/com.st.stm32cube.ide.mcu.externaltools.gnu-tools-for-stm32.11.3.rel1.win32_1.1.100.202309141235/tools/bin/../lib/gcc/arm-none-eabi/11.3.1/thumb/v7-m/nofp\libgcc.a
LOAD C:/ST/STM32CubeIDE_1.14.1/STM32CubeIDE/plugins/com.st.stm32cube.ide.mcu.externaltools.gnu-tools-for-stm32.11.3.rel1.win32_1.1.100.202309141235/tools/bin/../lib/gcc/arm-none-eabi/11.3.1/../../../../arm-none-eabi/lib/thumb/v7-m/nofp\libc_nano.a
END GROUP
START GROUP
LOAD C:/ST/STM32CubeIDE_1.14.1/STM32CubeIDE/plugins/com.st.stm32cube.ide.mcu.externaltools.gnu-tools-for-stm32.11.3.rel1.win32_1.1.100.202309141235/tools/bin/../lib/gcc/arm-none-eabi/11.3.1/thumb/v7-m/nofp\libgcc.a
LOAD C:/ST/STM32CubeIDE_1.14.1/STM32CubeIDE/plugins/com.st.stm32cube.ide.mcu.externaltools.gnu-tools-for-stm32.11.3.rel1.win32_1.1.100.202309141235/tools/bin/../lib/gcc/arm-none-eabi/11.3.1/../../../../arm-none-eabi/lib/thumb/v7-m/nofp\libc_nano.a
LOAD C:/ST/STM32CubeIDE_1.14.1/STM32CubeIDE/plugins/com.st.stm32cube.ide.mcu.externaltools.gnu-tools-for-stm32.11.3.rel1.win32_1.1.100.202309141235/tools/bin/../lib/gcc/arm-none-eabi/11.3.1/../../../../arm-none-eabi/lib/thumb/v7-m/nofp\libnosys.a
END GROUP
START GROUP
LOAD C:/ST/STM32CubeIDE_1.14.1/STM32CubeIDE/plugins/com.st.stm32cube.ide.mcu.externaltools.gnu-tools-for-stm32.11.3.rel1.win32_1.1.100.202309141235/tools/bin/../lib/gcc/arm-none-eabi/11.3.1/thumb/v7-m/nofp\libgcc.a
LOAD C:/ST/STM32CubeIDE_1.14.1/STM32CubeIDE/plugins/com.st.stm32cube.ide.mcu.externaltools.gnu-tools-for-stm32.11.3.rel1.win32_1.1.100.202309141235/tools/bin/../lib/gcc/arm-none-eabi/11.3.1/../../../../arm-none-eabi/lib/thumb/v7-m/nofp\libc_nano.a
LOAD C:/ST/STM32CubeIDE_1.14.1/STM32CubeIDE/plugins/com.st.stm32cube.ide.mcu.externaltools.gnu-tools-for-stm32.11.3.rel1.win32_1.1.100.202309141235/tools/bin/../lib/gcc/arm-none-eabi/11.3.1/../../../../arm-none-eabi/lib/thumb/v7-m/nofp\libnosys.a
END GROUP
LOAD C:/ST/STM32CubeIDE_1.14.1/STM32CubeIDE/plugins/com.st.stm32cube.ide.mcu.externaltools.gnu-tools-for-stm32.11.3.rel1.win32_1.1.100.202309141235/tools/bin/../lib/gcc/arm-none-eabi/11.3.1/thumb/v7-m/nofp/crtend.o
LOAD C:/ST/STM32CubeIDE_1.14.1/STM32CubeIDE/plugins/com.st.stm32cube.ide.mcu.externaltools.gnu-tools-for-stm32.11.3.rel1.win32_1.1.100.202309141235/tools/bin/../lib/gcc/arm-none-eabi/11.3.1/thumb/v7-m/nofp/crtn.o
                0x0000000020005000                _estack = (ORIGIN (RAM) + LENGTH (RAM))
                0x0000000000000200                _Min_Heap_Size = 0x200
                0x0000000000000400                _Min_Stack_Size = 0x400

.isr_vector     0x0000000008000000      0x130
                0x0000000008000000                . = ALIGN (0x4)
 *(.isr_vector)
 .isr_vector    0x0000000008000000      0x130 ./Startup/startup_stm32f103c8tx.o
                0x0000000008000000                g_pfnVectors
                0x0000000008000130                . = ALIGN (0x4)

.text           0x0000000008000130      0xdac
                0x0000000008000130                . = ALIGN (0x4)
 *(.text)
 .text          0x0000000008000130       0x40 C:/ST/STM32CubeIDE_1.14.1/STM32CubeIDE/plugins/com.st.stm32cube.ide.mcu.externaltools.gnu-tools-for-stm32.11.3.rel1.win32_1.1.100.202309141235/tools/bin/../lib/gcc/arm-none-eabi/11.3.1/thumb/v7-m/nofp/crtbegin.o
 *(.text*)
 .text.vListInitialise
                0x0000000008000170       0x16 ./FreeRTOS/list.o
                0x0000000008000170                vListInitialise
 .text.vListInitialiseItem
                0x0000000008000186        0x6 ./FreeRTOS/list.o
                0x0000000008000186                vListInitialiseItem
 .text.vListInsert
                0x000000000800018c       0x2e ./FreeRTOS/list.o
                0x000000000800018c                vListInsert
 .text.uxListRemove
                0x00000000080001ba       0x20 ./FreeRTOS/list.o
                0x00000000080001ba                uxListRemove
 *fill*         0x00000000080001da        0x2 
 .text.prvAddCurrentTaskToDelayedList
                0x00000000080001dc       0xa4 ./FreeRTOS/tasks.o
 .text.prvResetNextTaskUnblockTime
                0x0000000008000280       0x24 ./FreeRTOS/tasks.o
 .text.prvIdleTask
                0x00000000080002a4       0x68 ./FreeRTOS/tasks.o
 .text.xTaskCreate
                0x000000000800030c      0x1b8 ./FreeRTOS/tasks.o
                0x000000000800030c                xTaskCreate
 .text.vTaskStartScheduler
                0x00000000080004c4       0x64 ./FreeRTOS/tasks.o
                0x00000000080004c4                vTaskStartScheduler
 .text.vTaskSuspendAll
                0x0000000008000528       0x10 ./FreeRTOS/tasks.o
                0x0000000008000528                vTaskSuspendAll
 .text.xTaskIncrementTick
                0x0000000008000538      0x160 ./FreeRTOS/tasks.o
                0x0000000008000538                xTaskIncrementTick
 .text.xTaskResumeAll
                0x0000000008000698      0x128 ./FreeRTOS/tasks.o
                0x0000000008000698                xTaskResumeAll
 .text.vTaskDelay
                0x00000000080007c0       0x2e ./FreeRTOS/tasks.o
                0x00000000080007c0                vTaskDelay
 *fill*         0x00000000080007ee        0x2 
 .text.vTaskSwitchContext
                0x00000000080007f0       0x60 ./FreeRTOS/tasks.o
                0x00000000080007f0                vTaskSwitchContext
 .text.prvTaskExitError
                0x0000000008000850       0x20 ./FreeRTOS/portable/GCC/ARM_CM3/port.o
 .text.prvPortStartFirstTask
                0x0000000008000870       0x20 ./FreeRTOS/portable/GCC/ARM_CM3/port.o
 .text.pxPortInitialiseStack
                0x0000000008000890       0x24 ./FreeRTOS/portable/GCC/ARM_CM3/port.o
                0x0000000008000890                pxPortInitialiseStack
 *fill*         0x00000000080008b4        0xc 
 .text.SVC_Handler
                0x00000000080008c0       0x24 ./FreeRTOS/portable/GCC/ARM_CM3/port.o
                0x00000000080008c0                SVC_Handler
 .text.vPortEnterCritical
                0x00000000080008e4       0x20 ./FreeRTOS/portable/GCC/ARM_CM3/port.o
                0x00000000080008e4                vPortEnterCritical
 .text.vPortExitCritical
                0x0000000008000904       0x14 ./FreeRTOS/portable/GCC/ARM_CM3/port.o
                0x0000000008000904                vPortExitCritical
 *fill*         0x0000000008000918        0x8 
 .text.PendSV_Handler
                0x0000000008000920       0x44 ./FreeRTOS/portable/GCC/ARM_CM3/port.o
                0x0000000008000920                PendSV_Handler
 .text.SysTick_Handler
                0x0000000008000964       0x2c ./FreeRTOS/portable/GCC/ARM_CM3/port.o
                0x0000000008000964                SysTick_Handler
 .text.vPortSetupTimerInterrupt
                0x0000000008000990       0x18 ./FreeRTOS/portable/GCC/ARM_CM3/port.o
                0x0000000008000990                vPortSetupTimerInterrupt
 .text.xPortStartScheduler
                0x00000000080009a8       0x3c ./FreeRTOS/portable/GCC/ARM_CM3/port.o
                0x00000000080009a8                xPortStartScheduler
 .text.prvInsertBlockIntoFreeList
                0x00000000080009e4       0x4c ./FreeRTOS/portable/MemMang/heap_4.o
 .text.pvPortMalloc
                0x0000000008000a30      0x108 ./FreeRTOS/portable/MemMang/heap_4.o
                0x0000000008000a30                pvPortMalloc
 .text.vPortFree
                0x0000000008000b38       0x58 ./FreeRTOS/portable/MemMang/heap_4.o
                0x0000000008000b38                vPortFree
 .text.EXTI0_IRQHandler
                0x0000000008000b90       0x18 ./STM32F103_Drivers/EXTI_DRIVER.o
                0x0000000008000b90                EXTI0_IRQHandler
 .text.EXTI1_IRQHandler
                0x0000000008000ba8       0x18 ./STM32F103_Drivers/EXTI_DRIVER.o
                0x0000000008000ba8                EXTI1_IRQHandler
 .text.EXTI2_IRQHandler
                0x0000000008000bc0       0x18 ./STM32F103_Drivers/EXTI_DRIVER.o
                0x0000000008000bc0                EXTI2_IRQHandler
 .text.EXTI3_IRQHandler
                0x0000000008000bd8       0x18 ./STM32F103_Drivers/EXTI_DRIVER.o
                0x0000000008000bd8                EXTI3_IRQHandler
 .text.EXTI4_IRQHandler
                0x0000000008000bf0       0x18 ./STM32F103_Drivers/EXTI_DRIVER.o
                0x0000000008000bf0                EXTI4_IRQHandler
 .text.EXTI9_5_IRQHandler
                0x0000000008000c08       0x78 ./STM32F103_Drivers/EXTI_DRIVER.o
                0x0000000008000c08                EXTI9_5_IRQHandler
 .text.EXTI15_10_IRQHandler
                0x0000000008000c80       0x10 ./STM32F103_Drivers/EXTI_DRIVER.o
                0x0000000008000c80                EXTI15_10_IRQHandler
 .text.USART1_IRQHandler
                0x0000000008000c90        0xc ./STM32F103_Drivers/STM32F103C6_USART_DRIVERS.o
                0x0000000008000c90                USART1_IRQHandler
 .text.USART2_IRQHandler
                0x0000000008000c9c        0xc ./STM32F103_Drivers/STM32F103C6_USART_DRIVERS.o
                0x0000000008000c9c                USART2_IRQHandler
 .text.USART3_IRQHandler
                0x0000000008000ca8        0xc ./STM32F103_Drivers/STM32F103C6_USART_DRIVERS.o
                0x0000000008000ca8                USART3_IRQHandler
 .text.Get_CRLH_Postion
                0x0000000008000cb4       0x80 ./STM32F103_Drivers/STM32_F103C6_GPIO_DRIVERS.o
                0x0000000008000cb4                Get_CRLH_Postion
 .text.MCAL_GPIO_Init
                0x0000000008000d34       0x5a ./STM32F103_Drivers/STM32_F103C6_GPIO_DRIVERS.o
                0x0000000008000d34                MCAL_GPIO_Init
 .text.MCAL_GPIO_WritePin
                0x0000000008000d8e       0x10 ./STM32F103_Drivers/STM32_F103C6_GPIO_DRIVERS.o
                0x0000000008000d8e                MCAL_GPIO_WritePin
 *fill*         0x0000000008000d9e        0x2 
 .text.vHelloBlinkingLedHandler
                0x0000000008000da0       0x30 ./Src/main.o
                0x0000000008000da0                vHelloBlinkingLedHandler
 .text.HW_Init  0x0000000008000dd0       0x1c ./Src/main.o
                0x0000000008000dd0                HW_Init
 .text.startup.main
                0x0000000008000dec       0x3c ./Src/main.o
                0x0000000008000dec                main
 .text.Reset_Handler
                0x0000000008000e28       0x50 ./Startup/startup_stm32f103c8tx.o
                0x0000000008000e28                Reset_Handler
 .text.Default_Handler
                0x0000000008000e78        0x2 ./Startup/startup_stm32f103c8tx.o
                0x0000000008000e78                TIM8_TRG_COM_IRQHandler
                0x0000000008000e78                TIM8_CC_IRQHandler
                0x0000000008000e78                DebugMon_Handler
                0x0000000008000e78                TIM1_CC_IRQHandler
                0x0000000008000e78                HardFault_Handler
                0x0000000008000e78                TIM6_IRQHandler
                0x0000000008000e78                PVD_IRQHandler
                0x0000000008000e78                SDIO_IRQHandler
                0x0000000008000e78                NMI_Handler
                0x0000000008000e78                USB_HP_CAN_TX_IRQHandler
                0x0000000008000e78                I2C2_EV_IRQHandler
                0x0000000008000e78                UsageFault_Handler
                0x0000000008000e78                ADC1_2_IRQHandler
                0x0000000008000e78                SPI1_IRQHandler
                0x0000000008000e78                CAN_SCE_IRQHandler
                0x0000000008000e78                TAMPER_IRQHandler
                0x0000000008000e78                TIM8_UP_IRQHandler
                0x0000000008000e78                DMA2_Channel2_IRQHandler
                0x0000000008000e78                DMA1_Channel4_IRQHandler
                0x0000000008000e78                RTC_IRQHandler
                0x0000000008000e78                DMA1_Channel7_IRQHandler
                0x0000000008000e78                UART5_IRQHandler
                0x0000000008000e78                ADC3_IRQHandler
                0x0000000008000e78                TIM4_IRQHandler
                0x0000000008000e78                CAN_RX1_IRQHandler
                0x0000000008000e78                DMA2_Channel1_IRQHandler
                0x0000000008000e78                I2C1_EV_IRQHandler
                0x0000000008000e78                DMA1_Channel6_IRQHandler
                0x0000000008000e78                UART4_IRQHandler
                0x0000000008000e78                TIM3_IRQHandler
                0x0000000008000e78                RCC_IRQHandler
                0x0000000008000e78                TIM1_TRG_COM_IRQHandler
                0x0000000008000e78                DMA1_Channel1_IRQHandler
                0x0000000008000e78                Default_Handler
                0x0000000008000e78                TIM7_IRQHandler
                0x0000000008000e78                TIM5_IRQHandler
                0x0000000008000e78                SPI2_IRQHandler
                0x0000000008000e78                USB_LP_CAN_RX0_IRQHandler
                0x0000000008000e78                MemManage_Handler
                0x0000000008000e78                DMA1_Channel5_IRQHandler
                0x0000000008000e78                DMA1_Channel3_IRQHandler
                0x0000000008000e78                FSMC_IRQHandler
                0x0000000008000e78                TIM1_UP_IRQHandler
                0x0000000008000e78                WWDG_IRQHandler
                0x0000000008000e78                TIM2_IRQHandler
                0x0000000008000e78                TIM1_BRK_IRQHandler
                0x0000000008000e78                RTCAlarm_IRQHandler
                0x0000000008000e78                DMA2_Channel4_5_IRQHandler
                0x0000000008000e78                I2C2_ER_IRQHandler
                0x0000000008000e78                DMA1_Channel2_IRQHandler
                0x0000000008000e78                TIM8_BRK_IRQHandler
                0x0000000008000e78                FLASH_IRQHandler
                0x0000000008000e78                BusFault_Handler
                0x0000000008000e78                SPI3_IRQHandler
                0x0000000008000e78                I2C1_ER_IRQHandler
                0x0000000008000e78                DMA2_Channel3_IRQHandler
 *fill*         0x0000000008000e7a        0x2 
 .text.__libc_init_array
                0x0000000008000e7c       0x48 C:/ST/STM32CubeIDE_1.14.1/STM32CubeIDE/plugins/com.st.stm32cube.ide.mcu.externaltools.gnu-tools-for-stm32.11.3.rel1.win32_1.1.100.202309141235/tools/bin/../lib/gcc/arm-none-eabi/11.3.1/../../../../arm-none-eabi/lib/thumb/v7-m/nofp\libc_nano.a(libc_a-init.o)
                0x0000000008000e7c                __libc_init_array
 *(.glue_7)
 .glue_7        0x0000000008000ec4        0x0 linker stubs
 *(.glue_7t)
 .glue_7t       0x0000000008000ec4        0x0 linker stubs
 *(.eh_frame)
 .eh_frame      0x0000000008000ec4        0x0 C:/ST/STM32CubeIDE_1.14.1/STM32CubeIDE/plugins/com.st.stm32cube.ide.mcu.externaltools.gnu-tools-for-stm32.11.3.rel1.win32_1.1.100.202309141235/tools/bin/../lib/gcc/arm-none-eabi/11.3.1/thumb/v7-m/nofp/crtbegin.o
 *(.init)
 .init          0x0000000008000ec4        0x4 C:/ST/STM32CubeIDE_1.14.1/STM32CubeIDE/plugins/com.st.stm32cube.ide.mcu.externaltools.gnu-tools-for-stm32.11.3.rel1.win32_1.1.100.202309141235/tools/bin/../lib/gcc/arm-none-eabi/11.3.1/thumb/v7-m/nofp/crti.o
                0x0000000008000ec4                _init
 .init          0x0000000008000ec8        0x8 C:/ST/STM32CubeIDE_1.14.1/STM32CubeIDE/plugins/com.st.stm32cube.ide.mcu.externaltools.gnu-tools-for-stm32.11.3.rel1.win32_1.1.100.202309141235/tools/bin/../lib/gcc/arm-none-eabi/11.3.1/thumb/v7-m/nofp/crtn.o
 *(.fini)
 .fini          0x0000000008000ed0        0x4 C:/ST/STM32CubeIDE_1.14.1/STM32CubeIDE/plugins/com.st.stm32cube.ide.mcu.externaltools.gnu-tools-for-stm32.11.3.rel1.win32_1.1.100.202309141235/tools/bin/../lib/gcc/arm-none-eabi/11.3.1/thumb/v7-m/nofp/crti.o
                0x0000000008000ed0                _fini
 .fini          0x0000000008000ed4        0x8 C:/ST/STM32CubeIDE_1.14.1/STM32CubeIDE/plugins/com.st.stm32cube.ide.mcu.externaltools.gnu-tools-for-stm32.11.3.rel1.win32_1.1.100.202309141235/tools/bin/../lib/gcc/arm-none-eabi/11.3.1/thumb/v7-m/nofp/crtn.o
                0x0000000008000edc                . = ALIGN (0x4)
                0x0000000008000edc                _etext = .

.vfp11_veneer   0x0000000008000edc        0x0
 .vfp11_veneer  0x0000000008000edc        0x0 linker stubs

.v4_bx          0x0000000008000edc        0x0
 .v4_bx         0x0000000008000edc        0x0 linker stubs

.iplt           0x0000000008000edc        0x0
 .iplt          0x0000000008000edc        0x0 C:/ST/STM32CubeIDE_1.14.1/STM32CubeIDE/plugins/com.st.stm32cube.ide.mcu.externaltools.gnu-tools-for-stm32.11.3.rel1.win32_1.1.100.202309141235/tools/bin/../lib/gcc/arm-none-eabi/11.3.1/thumb/v7-m/nofp/crtbegin.o

.rodata         0x0000000008000edc       0x14
                0x0000000008000edc                . = ALIGN (0x4)
 *(.rodata)
 *(.rodata*)
 .rodata.vTaskStartScheduler.str1.1
                0x0000000008000edc        0x5 ./FreeRTOS/tasks.o
 .rodata.main.str1.1
                0x0000000008000ee1        0xc ./Src/main.o
                0x0000000008000ef0                . = ALIGN (0x4)
 *fill*         0x0000000008000eed        0x3 

.rel.dyn        0x0000000008000ef0        0x0
 .rel.iplt      0x0000000008000ef0        0x0 C:/ST/STM32CubeIDE_1.14.1/STM32CubeIDE/plugins/com.st.stm32cube.ide.mcu.externaltools.gnu-tools-for-stm32.11.3.rel1.win32_1.1.100.202309141235/tools/bin/../lib/gcc/arm-none-eabi/11.3.1/thumb/v7-m/nofp/crtbegin.o

.ARM.extab      0x0000000008000ef0        0x0
                0x0000000008000ef0                . = ALIGN (0x4)
 *(.ARM.extab* .gnu.linkonce.armextab.*)
                0x0000000008000ef0                . = ALIGN (0x4)

.ARM            0x0000000008000ef0        0x0
                0x0000000008000ef0                . = ALIGN (0x4)
                0x0000000008000ef0                __exidx_start = .
 *(.ARM.exidx*)
                0x0000000008000ef0                __exidx_end = .
                0x0000000008000ef0                . = ALIGN (0x4)

.preinit_array  0x0000000008000ef0        0x0
                0x0000000008000ef0                . = ALIGN (0x4)
                0x0000000008000ef0                PROVIDE (__preinit_array_start = .)
 *(.preinit_array*)
                0x0000000008000ef0                PROVIDE (__preinit_array_end = .)
                0x0000000008000ef0                . = ALIGN (0x4)

.init_array     0x0000000008000ef0        0x4
                0x0000000008000ef0                . = ALIGN (0x4)
                0x0000000008000ef0                PROVIDE (__init_array_start = .)
 *(SORT_BY_NAME(.init_array.*))
 *(.init_array*)
 .init_array    0x0000000008000ef0        0x4 C:/ST/STM32CubeIDE_1.14.1/STM32CubeIDE/plugins/com.st.stm32cube.ide.mcu.externaltools.gnu-tools-for-stm32.11.3.rel1.win32_1.1.100.202309141235/tools/bin/../lib/gcc/arm-none-eabi/11.3.1/thumb/v7-m/nofp/crtbegin.o
                0x0000000008000ef4                PROVIDE (__init_array_end = .)
                0x0000000008000ef4                . = ALIGN (0x4)

.fini_array     0x0000000008000ef4        0x4
                0x0000000008000ef4                . = ALIGN (0x4)
                [!provide]                        PROVIDE (__fini_array_start = .)
 *(SORT_BY_NAME(.fini_array.*))
 *(.fini_array*)
 .fini_array    0x0000000008000ef4        0x4 C:/ST/STM32CubeIDE_1.14.1/STM32CubeIDE/plugins/com.st.stm32cube.ide.mcu.externaltools.gnu-tools-for-stm32.11.3.rel1.win32_1.1.100.202309141235/tools/bin/../lib/gcc/arm-none-eabi/11.3.1/thumb/v7-m/nofp/crtbegin.o
                [!provide]                        PROVIDE (__fini_array_end = .)
                0x0000000008000ef8                . = ALIGN (0x4)
                0x0000000008000ef8                _sidata = LOADADDR (.data)

.data           0x0000000020000000        0x8 load address 0x0000000008000ef8
                0x0000000020000000                . = ALIGN (0x4)
                0x0000000020000000                _sdata = .
 *(.data)
 *(.data*)
 .data.uxTopUsedPriority
                0x0000000020000000        0x4 ./FreeRTOS/tasks.o
                0x0000000020000000                uxTopUsedPriority
 .data.uxCriticalNesting
                0x0000000020000004        0x4 ./FreeRTOS/portable/GCC/ARM_CM3/port.o
 *(.RamFunc)
 *(.RamFunc*)
                0x0000000020000008                . = ALIGN (0x4)
                0x0000000020000008                _edata = .

.igot.plt       0x0000000020000008        0x0 load address 0x0000000008000f00
 .igot.plt      0x0000000020000008        0x0 C:/ST/STM32CubeIDE_1.14.1/STM32CubeIDE/plugins/com.st.stm32cube.ide.mcu.externaltools.gnu-tools-for-stm32.11.3.rel1.win32_1.1.100.202309141235/tools/bin/../lib/gcc/arm-none-eabi/11.3.1/thumb/v7-m/nofp/crtbegin.o
                0x0000000020000008                . = ALIGN (0x4)

.bss            0x0000000020000008     0x21bc load address 0x0000000008000f00
                0x0000000020000008                _sbss = .
                0x0000000020000008                __bss_start__ = _sbss
 *(.bss)
 .bss           0x0000000020000008       0x1c C:/ST/STM32CubeIDE_1.14.1/STM32CubeIDE/plugins/com.st.stm32cube.ide.mcu.externaltools.gnu-tools-for-stm32.11.3.rel1.win32_1.1.100.202309141235/tools/bin/../lib/gcc/arm-none-eabi/11.3.1/thumb/v7-m/nofp/crtbegin.o
 *(.bss*)
 .bss.pxCurrentTCB
                0x0000000020000024        0x4 ./FreeRTOS/tasks.o
                0x0000000020000024                pxCurrentTCB
 .bss.pxDelayedTaskList
                0x0000000020000028        0x4 ./FreeRTOS/tasks.o
 .bss.pxOverflowDelayedTaskList
                0x000000002000002c        0x4 ./FreeRTOS/tasks.o
 .bss.pxReadyTasksLists
                0x0000000020000030       0x64 ./FreeRTOS/tasks.o
 .bss.uxCurrentNumberOfTasks
                0x0000000020000094        0x4 ./FreeRTOS/tasks.o
 .bss.uxDeletedTasksWaitingCleanUp
                0x0000000020000098        0x4 ./FreeRTOS/tasks.o
 .bss.uxSchedulerSuspended
                0x000000002000009c        0x4 ./FreeRTOS/tasks.o
 .bss.uxTaskNumber
                0x00000000200000a0        0x4 ./FreeRTOS/tasks.o
 .bss.uxTopReadyPriority
                0x00000000200000a4        0x4 ./FreeRTOS/tasks.o
 .bss.xDelayedTaskList1
                0x00000000200000a8       0x14 ./FreeRTOS/tasks.o
 .bss.xDelayedTaskList2
                0x00000000200000bc       0x14 ./FreeRTOS/tasks.o
 .bss.xIdleTaskHandle
                0x00000000200000d0        0x4 ./FreeRTOS/tasks.o
 .bss.xNextTaskUnblockTime
                0x00000000200000d4        0x4 ./FreeRTOS/tasks.o
 .bss.xNumOfOverflows
                0x00000000200000d8        0x4 ./FreeRTOS/tasks.o
 .bss.xPendedTicks
                0x00000000200000dc        0x4 ./FreeRTOS/tasks.o
 .bss.xPendingReadyList
                0x00000000200000e0       0x14 ./FreeRTOS/tasks.o
 .bss.xSchedulerRunning
                0x00000000200000f4        0x4 ./FreeRTOS/tasks.o
 .bss.xSuspendedTaskList
                0x00000000200000f8       0x14 ./FreeRTOS/tasks.o
 .bss.xTasksWaitingTermination
                0x000000002000010c       0x14 ./FreeRTOS/tasks.o
 .bss.xTickCount
                0x0000000020000120        0x4 ./FreeRTOS/tasks.o
 .bss.xYieldPending
                0x0000000020000124        0x4 ./FreeRTOS/tasks.o
 .bss.pxEnd     0x0000000020000128        0x4 ./FreeRTOS/portable/MemMang/heap_4.o
 .bss.ucHeap    0x000000002000012c     0x2000 ./FreeRTOS/portable/MemMang/heap_4.o
 .bss.xBlockAllocatedBit
                0x000000002000212c        0x4 ./FreeRTOS/portable/MemMang/heap_4.o
 .bss.xFreeBytesRemaining
                0x0000000020002130        0x4 ./FreeRTOS/portable/MemMang/heap_4.o
 .bss.xMinimumEverFreeBytesRemaining
                0x0000000020002134        0x4 ./FreeRTOS/portable/MemMang/heap_4.o
 .bss.xNumberOfSuccessfulAllocations
                0x0000000020002138        0x4 ./FreeRTOS/portable/MemMang/heap_4.o
 .bss.xNumberOfSuccessfulFrees
                0x000000002000213c        0x4 ./FreeRTOS/portable/MemMang/heap_4.o
 .bss.xStart    0x0000000020002140        0x8 ./FreeRTOS/portable/MemMang/heap_4.o
 .bss.GP_IRQ_CALLBACK
                0x0000000020002148       0x3c ./STM32F103_Drivers/EXTI_DRIVER.o
                0x0000000020002148                GP_IRQ_CALLBACK
 .bss.Global_UART_Config
                0x0000000020002184       0x3c ./STM32F103_Drivers/STM32F103C6_USART_DRIVERS.o
                0x0000000020002184                Global_UART_Config
 .bss.vHelloBlinkingLed
                0x00000000200021c0        0x4 ./Src/main.o
                0x00000000200021c0                vHelloBlinkingLed
 *(COMMON)
                0x00000000200021c4                . = ALIGN (0x4)
                0x00000000200021c4                _ebss = .
                0x00000000200021c4                __bss_end__ = _ebss

._user_heap_stack
                0x00000000200021c4      0x604 load address 0x0000000008000f00
                0x00000000200021c8                . = ALIGN (0x8)
 *fill*         0x00000000200021c4        0x4 
                [!provide]                        PROVIDE (end = .)
                0x00000000200021c8                PROVIDE (_end = .)
                0x00000000200023c8                . = (. + _Min_Heap_Size)
 *fill*         0x00000000200021c8      0x200 
                0x00000000200027c8                . = (. + _Min_Stack_Size)
 *fill*         0x00000000200023c8      0x400 
                0x00000000200027c8                . = ALIGN (0x8)

/DISCARD/
 libc.a(*)
 libm.a(*)
 libgcc.a(*)

.ARM.attributes
                0x0000000000000000       0x29
 *(.ARM.attributes)
 .ARM.attributes
                0x0000000000000000       0x1d C:/ST/STM32CubeIDE_1.14.1/STM32CubeIDE/plugins/com.st.stm32cube.ide.mcu.externaltools.gnu-tools-for-stm32.11.3.rel1.win32_1.1.100.202309141235/tools/bin/../lib/gcc/arm-none-eabi/11.3.1/thumb/v7-m/nofp/crti.o
 .ARM.attributes
                0x000000000000001d       0x2d C:/ST/STM32CubeIDE_1.14.1/STM32CubeIDE/plugins/com.st.stm32cube.ide.mcu.externaltools.gnu-tools-for-stm32.11.3.rel1.win32_1.1.100.202309141235/tools/bin/../lib/gcc/arm-none-eabi/11.3.1/thumb/v7-m/nofp/crtbegin.o
 .ARM.attributes
                0x000000000000004a       0x2d ./FreeRTOS/list.o
 .ARM.attributes
                0x0000000000000077       0x2d ./FreeRTOS/tasks.o
 .ARM.attributes
                0x00000000000000a4       0x2d ./FreeRTOS/portable/GCC/ARM_CM3/port.o
 .ARM.attributes
                0x00000000000000d1       0x2d ./FreeRTOS/portable/MemMang/heap_4.o
 .ARM.attributes
                0x00000000000000fe       0x2d ./STM32F103_Drivers/EXTI_DRIVER.o
 .ARM.attributes
                0x000000000000012b       0x2d ./STM32F103_Drivers/STM32F103C6_USART_DRIVERS.o
 .ARM.attributes
                0x0000000000000158       0x2d ./STM32F103_Drivers/STM32_F103C6_GPIO_DRIVERS.o
 .ARM.attributes
                0x0000000000000185       0x2d ./Src/main.o
 .ARM.attributes
                0x00000000000001b2       0x21 ./Startup/startup_stm32f103c8tx.o
 .ARM.attributes
                0x00000000000001d3       0x2d C:/ST/STM32CubeIDE_1.14.1/STM32CubeIDE/plugins/com.st.stm32cube.ide.mcu.externaltools.gnu-tools-for-stm32.11.3.rel1.win32_1.1.100.202309141235/tools/bin/../lib/gcc/arm-none-eabi/11.3.1/../../../../arm-none-eabi/lib/thumb/v7-m/nofp\libc_nano.a(libc_a-init.o)
 .ARM.attributes
                0x0000000000000200       0x1d C:/ST/STM32CubeIDE_1.14.1/STM32CubeIDE/plugins/com.st.stm32cube.ide.mcu.externaltools.gnu-tools-for-stm32.11.3.rel1.win32_1.1.100.202309141235/tools/bin/../lib/gcc/arm-none-eabi/11.3.1/thumb/v7-m/nofp/crtn.o
OUTPUT(BlinkLed.elf elf32-littlearm)
LOAD linker stubs
LOAD C:/ST/STM32CubeIDE_1.14.1/STM32CubeIDE/plugins/com.st.stm32cube.ide.mcu.externaltools.gnu-tools-for-stm32.11.3.rel1.win32_1.1.100.202309141235/tools/bin/../lib/gcc/arm-none-eabi/11.3.1/../../../../arm-none-eabi/lib/thumb/v7-m/nofp\libc.a
LOAD C:/ST/STM32CubeIDE_1.14.1/STM32CubeIDE/plugins/com.st.stm32cube.ide.mcu.externaltools.gnu-tools-for-stm32.11.3.rel1.win32_1.1.100.202309141235/tools/bin/../lib/gcc/arm-none-eabi/11.3.1/../../../../arm-none-eabi/lib/thumb/v7-m/nofp\libm.a
LOAD C:/ST/STM32CubeIDE_1.14.1/STM32CubeIDE/plugins/com.st.stm32cube.ide.mcu.externaltools.gnu-tools-for-stm32.11.3.rel1.win32_1.1.100.202309141235/tools/bin/../lib/gcc/arm-none-eabi/11.3.1/thumb/v7-m/nofp\libgcc.a

.comment        0x0000000000000000       0x43
 .comment       0x0000000000000000       0x43 C:/ST/STM32CubeIDE_1.14.1/STM32CubeIDE/plugins/com.st.stm32cube.ide.mcu.externaltools.gnu-tools-for-stm32.11.3.rel1.win32_1.1.100.202309141235/tools/bin/../lib/gcc/arm-none-eabi/11.3.1/thumb/v7-m/nofp/crtbegin.o
                                         0x44 (size before relaxing)
 .comment       0x0000000000000043       0x44 ./FreeRTOS/list.o
 .comment       0x0000000000000043       0x44 ./FreeRTOS/tasks.o
 .comment       0x0000000000000043       0x44 ./FreeRTOS/portable/GCC/ARM_CM3/port.o
 .comment       0x0000000000000043       0x44 ./FreeRTOS/portable/MemMang/heap_4.o
 .comment       0x0000000000000043       0x44 ./STM32F103_Drivers/EXTI_DRIVER.o
 .comment       0x0000000000000043       0x44 ./STM32F103_Drivers/STM32F103C6_USART_DRIVERS.o
 .comment       0x0000000000000043       0x44 ./STM32F103_Drivers/STM32_F103C6_GPIO_DRIVERS.o
 .comment       0x0000000000000043       0x44 ./Src/main.o

.debug_info     0x0000000000000000     0x42cb
 .debug_info    0x0000000000000000      0x2c3 ./FreeRTOS/list.o
 .debug_info    0x00000000000002c3     0x231e ./FreeRTOS/tasks.o
 .debug_info    0x00000000000025e1      0x342 ./FreeRTOS/portable/GCC/ARM_CM3/port.o
 .debug_info    0x0000000000002923      0x521 ./FreeRTOS/portable/MemMang/heap_4.o
 .debug_info    0x0000000000002e44      0x4d0 ./STM32F103_Drivers/EXTI_DRIVER.o
 .debug_info    0x0000000000003314      0x69e ./STM32F103_Drivers/STM32F103C6_USART_DRIVERS.o
 .debug_info    0x00000000000039b2      0x49f ./STM32F103_Drivers/STM32_F103C6_GPIO_DRIVERS.o
 .debug_info    0x0000000000003e51      0x457 ./Src/main.o
 .debug_info    0x00000000000042a8       0x23 ./Startup/startup_stm32f103c8tx.o

.debug_abbrev   0x0000000000000000     0x11ff
 .debug_abbrev  0x0000000000000000      0x10c ./FreeRTOS/list.o
 .debug_abbrev  0x000000000000010c      0x4c6 ./FreeRTOS/tasks.o
 .debug_abbrev  0x00000000000005d2      0x23d ./FreeRTOS/portable/GCC/ARM_CM3/port.o
 .debug_abbrev  0x000000000000080f      0x25c ./FreeRTOS/portable/MemMang/heap_4.o
 .debug_abbrev  0x0000000000000a6b      0x1f9 ./STM32F103_Drivers/EXTI_DRIVER.o
 .debug_abbrev  0x0000000000000c64      0x258 ./STM32F103_Drivers/STM32F103C6_USART_DRIVERS.o
 .debug_abbrev  0x0000000000000ebc      0x185 ./STM32F103_Drivers/STM32_F103C6_GPIO_DRIVERS.o
 .debug_abbrev  0x0000000000001041      0x1ac ./Src/main.o
 .debug_abbrev  0x00000000000011ed       0x12 ./Startup/startup_stm32f103c8tx.o

.debug_loclists
                0x0000000000000000     0x17f4
 .debug_loclists
                0x0000000000000000       0x71 ./FreeRTOS/list.o
 .debug_loclists
                0x0000000000000071     0x1074 ./FreeRTOS/tasks.o
 .debug_loclists
                0x00000000000010e5       0x7c ./FreeRTOS/portable/GCC/ARM_CM3/port.o
 .debug_loclists
                0x0000000000001161      0x294 ./FreeRTOS/portable/MemMang/heap_4.o
 .debug_loclists
                0x00000000000013f5       0x5a ./STM32F103_Drivers/EXTI_DRIVER.o
 .debug_loclists
                0x000000000000144f      0x1a3 ./STM32F103_Drivers/STM32F103C6_USART_DRIVERS.o
 .debug_loclists
                0x00000000000015f2      0x1df ./STM32F103_Drivers/STM32_F103C6_GPIO_DRIVERS.o
 .debug_loclists
                0x00000000000017d1       0x23 ./Src/main.o

.debug_aranges  0x0000000000000000      0x3e8
 .debug_aranges
                0x0000000000000000       0x40 ./FreeRTOS/list.o
 .debug_aranges
                0x0000000000000040      0x150 ./FreeRTOS/tasks.o
 .debug_aranges
                0x0000000000000190       0x70 ./FreeRTOS/portable/GCC/ARM_CM3/port.o
 .debug_aranges
                0x0000000000000200       0x50 ./FreeRTOS/portable/MemMang/heap_4.o
 .debug_aranges
                0x0000000000000250       0x78 ./STM32F103_Drivers/EXTI_DRIVER.o
 .debug_aranges
                0x00000000000002c8       0x60 ./STM32F103_Drivers/STM32F103C6_USART_DRIVERS.o
 .debug_aranges
                0x0000000000000328       0x68 ./STM32F103_Drivers/STM32_F103C6_GPIO_DRIVERS.o
 .debug_aranges
                0x0000000000000390       0x30 ./Src/main.o
 .debug_aranges
                0x00000000000003c0       0x28 ./Startup/startup_stm32f103c8tx.o

.debug_rnglists
                0x0000000000000000      0x43f
 .debug_rnglists
                0x0000000000000000       0x2b ./FreeRTOS/list.o
 .debug_rnglists
                0x000000000000002b      0x254 ./FreeRTOS/tasks.o
 .debug_rnglists
                0x000000000000027f       0x5b ./FreeRTOS/portable/GCC/ARM_CM3/port.o
 .debug_rnglists
                0x00000000000002da       0x39 ./FreeRTOS/portable/MemMang/heap_4.o
 .debug_rnglists
                0x0000000000000313       0x58 ./STM32F103_Drivers/EXTI_DRIVER.o
 .debug_rnglists
                0x000000000000036b       0x51 ./STM32F103_Drivers/STM32F103C6_USART_DRIVERS.o
 .debug_rnglists
                0x00000000000003bc       0x4b ./STM32F103_Drivers/STM32_F103C6_GPIO_DRIVERS.o
 .debug_rnglists
                0x0000000000000407       0x1f ./Src/main.o
 .debug_rnglists
                0x0000000000000426       0x19 ./Startup/startup_stm32f103c8tx.o

.debug_macro    0x0000000000000000     0x189b
 .debug_macro   0x0000000000000000      0x198 ./FreeRTOS/list.o
 .debug_macro   0x0000000000000198      0x27e ./FreeRTOS/tasks.o
 .debug_macro   0x0000000000000416       0x10 ./FreeRTOS/tasks.o
 .debug_macro   0x0000000000000426      0x177 ./FreeRTOS/portable/GCC/ARM_CM3/port.o
 .debug_macro   0x000000000000059d      0x1b3 ./FreeRTOS/portable/MemMang/heap_4.o
 .debug_macro   0x0000000000000750      0x165 ./STM32F103_Drivers/EXTI_DRIVER.o
 .debug_macro   0x00000000000008b5      0x6aa ./STM32F103_Drivers/EXTI_DRIVER.o
 .debug_macro   0x0000000000000f5f       0xdc ./STM32F103_Drivers/EXTI_DRIVER.o
 .debug_macro   0x000000000000103b      0x223 ./STM32F103_Drivers/EXTI_DRIVER.o
 .debug_macro   0x000000000000125e      0x15e ./STM32F103_Drivers/STM32F103C6_USART_DRIVERS.o
 .debug_macro   0x00000000000013bc       0xe2 ./STM32F103_Drivers/STM32F103C6_USART_DRIVERS.o
 .debug_macro   0x000000000000149e       0x10 ./STM32F103_Drivers/STM32F103C6_USART_DRIVERS.o
 .debug_macro   0x00000000000014ae       0xe2 ./STM32F103_Drivers/STM32F103C6_USART_DRIVERS.o
 .debug_macro   0x0000000000001590      0x14c ./STM32F103_Drivers/STM32_F103C6_GPIO_DRIVERS.o
 .debug_macro   0x00000000000016dc      0x1bf ./Src/main.o

.debug_line     0x0000000000000000     0x5e5e
 .debug_line    0x0000000000000000      0x830 ./FreeRTOS/list.o
 .debug_line    0x0000000000000830     0x1eec ./FreeRTOS/tasks.o
 .debug_line    0x000000000000271c      0x79f ./FreeRTOS/portable/GCC/ARM_CM3/port.o
 .debug_line    0x0000000000002ebb      0xa9d ./FreeRTOS/portable/MemMang/heap_4.o
 .debug_line    0x0000000000003958      0x9dd ./STM32F103_Drivers/EXTI_DRIVER.o
 .debug_line    0x0000000000004335      0xa72 ./STM32F103_Drivers/STM32F103C6_USART_DRIVERS.o
 .debug_line    0x0000000000004da7      0x89d ./STM32F103_Drivers/STM32_F103C6_GPIO_DRIVERS.o
 .debug_line    0x0000000000005644      0x79f ./Src/main.o
 .debug_line    0x0000000000005de3       0x7b ./Startup/startup_stm32f103c8tx.o

.debug_str      0x0000000000000000    0x12828
 .debug_str     0x0000000000000000     0xaca5 ./FreeRTOS/list.o
                                       0xaeca (size before relaxing)
 .debug_str     0x000000000000aca5     0x2cd1 ./FreeRTOS/tasks.o
                                       0xdbf9 (size before relaxing)
 .debug_str     0x000000000000d976      0x59b ./FreeRTOS/portable/GCC/ARM_CM3/port.o
                                       0x94a1 (size before relaxing)
 .debug_str     0x000000000000df11      0x30e ./FreeRTOS/portable/MemMang/heap_4.o
                                       0xc374 (size before relaxing)
 .debug_str     0x000000000000e21f     0x3b57 ./STM32F103_Drivers/EXTI_DRIVER.o
                                       0xad24 (size before relaxing)
 .debug_str     0x0000000000011d76      0x8ff ./STM32F103_Drivers/STM32F103C6_USART_DRIVERS.o
                                       0xa0db (size before relaxing)
 .debug_str     0x0000000000012675      0x12f ./STM32F103_Drivers/STM32_F103C6_GPIO_DRIVERS.o
                                       0x9955 (size before relaxing)
 .debug_str     0x00000000000127a4       0x55 ./Src/main.o
                                       0xe6df (size before relaxing)
 .debug_str     0x00000000000127f9       0x2f ./Startup/startup_stm32f103c8tx.o
                                         0x6f (size before relaxing)

.debug_frame    0x0000000000000000      0x978
 .debug_frame   0x0000000000000000       0x6c ./FreeRTOS/list.o
 .debug_frame   0x000000000000006c      0x460 ./FreeRTOS/tasks.o
 .debug_frame   0x00000000000004cc       0xd8 ./FreeRTOS/portable/GCC/ARM_CM3/port.o
 .debug_frame   0x00000000000005a4       0xc4 ./FreeRTOS/portable/MemMang/heap_4.o
 .debug_frame   0x0000000000000668      0x104 ./STM32F103_Drivers/EXTI_DRIVER.o
 .debug_frame   0x000000000000076c       0xc8 ./STM32F103_Drivers/STM32F103C6_USART_DRIVERS.o
 .debug_frame   0x0000000000000834       0xc0 ./STM32F103_Drivers/STM32_F103C6_GPIO_DRIVERS.o
 .debug_frame   0x00000000000008f4       0x58 ./Src/main.o
 .debug_frame   0x000000000000094c       0x2c C:/ST/STM32CubeIDE_1.14.1/STM32CubeIDE/plugins/com.st.stm32cube.ide.mcu.externaltools.gnu-tools-for-stm32.11.3.rel1.win32_1.1.100.202309141235/tools/bin/../lib/gcc/arm-none-eabi/11.3.1/../../../../arm-none-eabi/lib/thumb/v7-m/nofp\libc_nano.a(libc_a-init.o)

.debug_line_str
                0x0000000000000000       0x63
 .debug_line_str
                0x0000000000000000       0x63 ./Startup/startup_stm32f103c8tx.o
                                         0x7b (size before relaxing)
